{ code: 'console.log(\'hello\');\nvar i = 5;\nconsole.log(\'foo:\', i*i);\nvar local_q = null;\nconsole.log(\'goodbye\');',
  trace: 
   [ { stdout: '',
       func_name: '',
       stack_to_render: [],
       globals: 
        { i: [ 'JS_SPECIAL_VAL', 'undefined' ],
          local_q: [ 'JS_SPECIAL_VAL', 'undefined' ] },
       ordered_globals: [ 'i', 'local_q' ],
       line: 1,
       col: 0,
       event: 'step_line',
       heap: {} },
     { stdout: 'hello\n',
       func_name: '',
       stack_to_render: [],
       globals: 
        { i: [ 'JS_SPECIAL_VAL', 'undefined' ],
          local_q: [ 'JS_SPECIAL_VAL', 'undefined' ] },
       ordered_globals: [ 'i', 'local_q' ],
       line: 2,
       col: 0,
       event: 'step_line',
       heap: {} },
     { stdout: 'hello\n',
       func_name: '',
       stack_to_render: [],
       globals: { i: 5, local_q: [ 'JS_SPECIAL_VAL', 'undefined' ] },
       ordered_globals: [ 'i', 'local_q' ],
       line: 3,
       col: 0,
       event: 'step_line',
       heap: {} },
     { stdout: 'hello\nfoo: 25\n',
       func_name: '',
       stack_to_render: [],
       globals: { i: 5, local_q: [ 'JS_SPECIAL_VAL', 'undefined' ] },
       ordered_globals: [ 'i', 'local_q' ],
       line: 4,
       col: 0,
       event: 'step_line',
       heap: {} },
     { stdout: 'hello\nfoo: 25\n',
       func_name: '',
       stack_to_render: [],
       globals: { i: 5, local_q: [ 'JS_SPECIAL_VAL', 'null' ] },
       ordered_globals: [ 'i', 'local_q' ],
       line: 5,
       col: 0,
       event: 'step_line',
       heap: {} },
     { stdout: 'hello\nfoo: 25\ngoodbye\n',
       func_name: '',
       stack_to_render: [],
       globals: { i: 5, local_q: [ 'JS_SPECIAL_VAL', 'null' ] },
       ordered_globals: [ 'i', 'local_q' ],
       line: 5,
       col: 23,
       event: 'step_line',
       heap: {} } ] }
