{ code: 'var y = Object.create(null);\nconsole.log(y);',
  trace: 
   [ { stdout: '',
       func_name: '',
       stack_to_render: [],
       globals: { y: [ 'JS_SPECIAL_VAL', 'undefined' ] },
       ordered_globals: [ 'y' ],
       line: 1,
       col: 0,
       event: 'step_line',
       heap: {} },
     { stdout: '',
       func_name: '',
       stack_to_render: [],
       globals: { y: [ 'REF', 1 ] },
       ordered_globals: [ 'y' ],
       line: 2,
       col: 0,
       event: 'step_line',
       heap: { '1': [ 'INSTANCE', '' ] } },
     { stdout: '{}\n',
       func_name: '',
       stack_to_render: [],
       globals: { y: [ 'REF', 1 ] },
       ordered_globals: [ 'y' ],
       line: 2,
       col: 15,
       event: 'step_line',
       heap: { '1': [ 'INSTANCE', '' ] } } ] }
