{
  "code": "from collections import *\n", 
  "trace": [
    {
      "ordered_globals": [], 
      "stdout": "", 
      "func_name": "<module>", 
      "stack_to_render": [], 
      "globals": {}, 
      "heap": {}, 
      "line": 1, 
      "event": "step_line"
    }, 
    {
      "ordered_globals": [
        "defaultdict", 
        "OrderedDict", 
        "namedtuple", 
        "MutableMapping", 
        "KeysView", 
        "Container", 
        "Mapping", 
        "Callable", 
        "MappingView", 
        "Hashable", 
        "deque", 
        "MutableSet", 
        "ValuesView", 
        "Counter", 
        "MutableSequence", 
        "Sized", 
        "Set", 
        "Iterator", 
        "Sequence", 
        "ItemsView", 
        "Iterable"
      ], 
      "stdout": "", 
      "func_name": "<module>", 
      "stack_to_render": [], 
      "globals": {
        "defaultdict": [
          "REF", 
          1
        ], 
        "namedtuple": [
          "REF", 
          37
        ], 
        "MutableSet": [
          "REF", 
          229
        ], 
        "OrderedDict": [
          "REF", 
          10
        ], 
        "Sized": [
          "REF", 
          318
        ], 
        "Iterator": [
          "REF", 
          369
        ], 
        "deque": [
          "REF", 
          196
        ], 
        "MutableMapping": [
          "REF", 
          38
        ], 
        "ValuesView": [
          "REF", 
          256
        ], 
        "Mapping": [
          "REF", 
          111
        ], 
        "MutableSequence": [
          "REF", 
          291
        ], 
        "Callable": [
          "REF", 
          139
        ], 
        "Sequence": [
          "REF", 
          389
        ], 
        "Set": [
          "REF", 
          337
        ], 
        "Iterable": [
          "REF", 
          436
        ], 
        "Counter": [
          "REF", 
          275
        ], 
        "KeysView": [
          "REF", 
          65
        ], 
        "Hashable": [
          "REF", 
          177
        ], 
        "Container": [
          "REF", 
          86
        ], 
        "ItemsView": [
          "REF", 
          416
        ], 
        "MappingView": [
          "REF", 
          158
        ]
      }, 
      "heap": {
        "1": [
          "CLASS", 
          "defaultdict", 
          [
            "dict"
          ], 
          [
            "__copy__", 
            [
              "REF", 
              2
            ]
          ], 
          [
            "__getattribute__", 
            [
              "REF", 
              3
            ]
          ], 
          [
            "__init__", 
            [
              "REF", 
              4
            ]
          ], 
          [
            "__missing__", 
            [
              "REF", 
              5
            ]
          ], 
          [
            "__reduce__", 
            [
              "REF", 
              6
            ]
          ], 
          [
            "__repr__", 
            [
              "REF", 
              7
            ]
          ], 
          [
            "copy", 
            [
              "REF", 
              8
            ]
          ], 
          [
            "default_factory", 
            [
              "REF", 
              9
            ]
          ]
        ], 
        "2": [
          "method_descriptor", 
          "<method '__copy__' of 'collections.defaultdict' objects>"
        ], 
        "3": [
          "wrapper_descriptor", 
          "<slot wrapper '__getattribute__' of 'collections.defaultdict' objects>"
        ], 
        "4": [
          "wrapper_descriptor", 
          "<slot wrapper '__init__' of 'collections.defaultdict' objects>"
        ], 
        "5": [
          "method_descriptor", 
          "<method '__missing__' of 'collections.defaultdict' objects>"
        ], 
        "6": [
          "method_descriptor", 
          "<method '__reduce__' of 'collections.defaultdict' objects>"
        ], 
        "7": [
          "wrapper_descriptor", 
          "<slot wrapper '__repr__' of 'collections.defaultdict' objects>"
        ], 
        "8": [
          "method_descriptor", 
          "<method 'copy' of 'collections.defaultdict' objects>"
        ], 
        "9": [
          "member_descriptor", 
          "<member 'default_factory' of 'collections.defaultdict' objects>"
        ], 
        "10": [
          "CLASS", 
          "OrderedDict", 
          [
            "dict"
          ], 
          [
            "_OrderedDict__marker", 
            [
              "REF", 
              11
            ]
          ], 
          [
            "_OrderedDict__update", 
            [
              "REF", 
              12
            ]
          ], 
          [
            "__delitem__", 
            [
              "REF", 
              13
            ]
          ], 
          [
            "__eq__", 
            [
              "REF", 
              14
            ]
          ], 
          [
            "__init__", 
            [
              "REF", 
              15
            ]
          ], 
          [
            "__iter__", 
            [
              "REF", 
              16
            ]
          ], 
          [
            "__ne__", 
            [
              "REF", 
              17
            ]
          ], 
          [
            "__reduce__", 
            [
              "REF", 
              18
            ]
          ], 
          [
            "__repr__", 
            [
              "REF", 
              19
            ]
          ], 
          [
            "__reversed__", 
            [
              "REF", 
              20
            ]
          ], 
          [
            "__setitem__", 
            [
              "REF", 
              21
            ]
          ], 
          [
            "clear", 
            [
              "REF", 
              22
            ]
          ], 
          [
            "copy", 
            [
              "REF", 
              23
            ]
          ], 
          [
            "fromkeys", 
            [
              "REF", 
              24
            ]
          ], 
          [
            "items", 
            [
              "REF", 
              25
            ]
          ], 
          [
            "iteritems", 
            [
              "REF", 
              26
            ]
          ], 
          [
            "iterkeys", 
            [
              "REF", 
              27
            ]
          ], 
          [
            "itervalues", 
            [
              "REF", 
              28
            ]
          ], 
          [
            "keys", 
            [
              "REF", 
              29
            ]
          ], 
          [
            "pop", 
            [
              "REF", 
              30
            ]
          ], 
          [
            "popitem", 
            [
              "REF", 
              31
            ]
          ], 
          [
            "setdefault", 
            [
              "REF", 
              32
            ]
          ], 
          [
            "update", 
            [
              "REF", 
              12
            ]
          ], 
          [
            "values", 
            [
              "REF", 
              33
            ]
          ], 
          [
            "viewitems", 
            [
              "REF", 
              34
            ]
          ], 
          [
            "viewkeys", 
            [
              "REF", 
              35
            ]
          ], 
          [
            "viewvalues", 
            [
              "REF", 
              36
            ]
          ]
        ], 
        "11": [
          "object", 
          "<object object at 0xADDR>"
        ], 
        "12": [
          "FUNCTION", 
          "update(*args, **kwds)", 
          null
        ], 
        "13": [
          "FUNCTION", 
          "__delitem__(self, key, dict_delitem)", 
          null
        ], 
        "14": [
          "FUNCTION", 
          "__eq__(self, other)", 
          null
        ], 
        "15": [
          "FUNCTION", 
          "__init__(*args, **kwds)", 
          null
        ], 
        "16": [
          "FUNCTION", 
          "__iter__(self)", 
          null
        ], 
        "17": [
          "FUNCTION", 
          "__ne__(self, other)", 
          null
        ], 
        "18": [
          "FUNCTION", 
          "__reduce__(self)", 
          null
        ], 
        "19": [
          "FUNCTION", 
          "__repr__(self, _repr_running)", 
          null
        ], 
        "20": [
          "FUNCTION", 
          "__reversed__(self)", 
          null
        ], 
        "21": [
          "FUNCTION", 
          "__setitem__(self, key, value, dict_setitem)", 
          null
        ], 
        "22": [
          "FUNCTION", 
          "clear(self)", 
          null
        ], 
        "23": [
          "FUNCTION", 
          "copy(self)", 
          null
        ], 
        "24": [
          "classmethod", 
          "<classmethod object at 0xADDR>"
        ], 
        "25": [
          "FUNCTION", 
          "items(self)", 
          null
        ], 
        "26": [
          "FUNCTION", 
          "iteritems(self)", 
          null
        ], 
        "27": [
          "FUNCTION", 
          "iterkeys(self)", 
          null
        ], 
        "28": [
          "FUNCTION", 
          "itervalues(self)", 
          null
        ], 
        "29": [
          "FUNCTION", 
          "keys(self)", 
          null
        ], 
        "30": [
          "FUNCTION", 
          "pop(self, key, default)", 
          null
        ], 
        "31": [
          "FUNCTION", 
          "popitem(self, last)", 
          null
        ], 
        "32": [
          "FUNCTION", 
          "setdefault(self, key, default)", 
          null
        ], 
        "33": [
          "FUNCTION", 
          "values(self)", 
          null
        ], 
        "34": [
          "FUNCTION", 
          "viewitems(self)", 
          null
        ], 
        "35": [
          "FUNCTION", 
          "viewkeys(self)", 
          null
        ], 
        "36": [
          "FUNCTION", 
          "viewvalues(self)", 
          null
        ], 
        "37": [
          "FUNCTION", 
          "namedtuple(typename, field_names, verbose, rename)", 
          null
        ], 
        "38": [
          "INSTANCE", 
          "ABCMeta", 
          [
            "_MutableMapping__marker", 
            [
              "REF", 
              39
            ]
          ], 
          [
            "__abstractmethods__", 
            [
              "REF", 
              40
            ]
          ], 
          [
            "__delitem__", 
            [
              "REF", 
              41
            ]
          ], 
          [
            "__setitem__", 
            [
              "REF", 
              42
            ]
          ], 
          [
            "_abc_cache", 
            [
              "REF", 
              43
            ]
          ], 
          [
            "_abc_negative_cache", 
            [
              "REF", 
              48
            ]
          ], 
          [
            "_abc_negative_cache_version", 
            13
          ], 
          [
            "_abc_registry", 
            [
              "REF", 
              53
            ]
          ], 
          [
            "clear", 
            [
              "REF", 
              60
            ]
          ], 
          [
            "pop", 
            [
              "REF", 
              61
            ]
          ], 
          [
            "popitem", 
            [
              "REF", 
              62
            ]
          ], 
          [
            "setdefault", 
            [
              "REF", 
              63
            ]
          ], 
          [
            "update", 
            [
              "REF", 
              64
            ]
          ]
        ], 
        "39": [
          "object", 
          "<object object at 0xADDR>"
        ], 
        "40": [
          "frozenset", 
          "frozenset(['__delitem__', '__setitem__', '__getitem__', '__iter__', '__len__'])"
        ], 
        "41": [
          "FUNCTION", 
          "__delitem__(self, key)", 
          null
        ], 
        "42": [
          "FUNCTION", 
          "__setitem__(self, key, value)", 
          null
        ], 
        "43": [
          "INSTANCE", 
          "WeakSet", 
          [
            "_iterating", 
            [
              "REF", 
              44
            ]
          ], 
          [
            "_pending_removals", 
            [
              "REF", 
              45
            ]
          ], 
          [
            "_remove", 
            [
              "REF", 
              46
            ]
          ], 
          [
            "data", 
            [
              "REF", 
              47
            ]
          ]
        ], 
        "44": [
          "SET"
        ], 
        "45": [
          "LIST"
        ], 
        "46": [
          "FUNCTION", 
          "_remove(item, selfref)", 
          null
        ], 
        "47": [
          "SET"
        ], 
        "48": [
          "INSTANCE", 
          "WeakSet", 
          [
            "_iterating", 
            [
              "REF", 
              49
            ]
          ], 
          [
            "_pending_removals", 
            [
              "REF", 
              50
            ]
          ], 
          [
            "_remove", 
            [
              "REF", 
              51
            ]
          ], 
          [
            "data", 
            [
              "REF", 
              52
            ]
          ]
        ], 
        "49": [
          "SET"
        ], 
        "50": [
          "LIST"
        ], 
        "51": [
          "FUNCTION", 
          "_remove(item, selfref)", 
          null
        ], 
        "52": [
          "SET"
        ], 
        "53": [
          "INSTANCE", 
          "WeakSet", 
          [
            "_iterating", 
            [
              "REF", 
              54
            ]
          ], 
          [
            "_pending_removals", 
            [
              "REF", 
              55
            ]
          ], 
          [
            "_remove", 
            [
              "REF", 
              56
            ]
          ], 
          [
            "data", 
            [
              "REF", 
              57
            ]
          ]
        ], 
        "54": [
          "SET"
        ], 
        "55": [
          "LIST"
        ], 
        "56": [
          "FUNCTION", 
          "_remove(item, selfref)", 
          null
        ], 
        "57": [
          "SET", 
          [
            "REF", 
            58
          ], 
          [
            "REF", 
            59
          ]
        ], 
        "58": [
          "weakref", 
          "<weakref at 0xADDR>"
        ], 
        "59": [
          "weakref", 
          "<weakref at 0xADDR>"
        ], 
        "60": [
          "FUNCTION", 
          "clear(self)", 
          null
        ], 
        "61": [
          "FUNCTION", 
          "pop(self, key, default)", 
          null
        ], 
        "62": [
          "FUNCTION", 
          "popitem(self)", 
          null
        ], 
        "63": [
          "FUNCTION", 
          "setdefault(self, key, default)", 
          null
        ], 
        "64": [
          "FUNCTION", 
          "update(*args, **kwds)", 
          null
        ], 
        "65": [
          "INSTANCE", 
          "ABCMeta", 
          [
            "__abstractmethods__", 
            [
              "REF", 
              66
            ]
          ], 
          [
            "__contains__", 
            [
              "REF", 
              67
            ]
          ], 
          [
            "__iter__", 
            [
              "REF", 
              68
            ]
          ], 
          [
            "_abc_cache", 
            [
              "REF", 
              69
            ]
          ], 
          [
            "_abc_negative_cache", 
            [
              "REF", 
              74
            ]
          ], 
          [
            "_abc_negative_cache_version", 
            15
          ], 
          [
            "_abc_registry", 
            [
              "REF", 
              79
            ]
          ], 
          [
            "_from_iterable", 
            [
              "REF", 
              85
            ]
          ]
        ], 
        "66": [
          "frozenset", 
          "frozenset([])"
        ], 
        "67": [
          "FUNCTION", 
          "__contains__(self, key)", 
          null
        ], 
        "68": [
          "FUNCTION", 
          "__iter__(self)", 
          null
        ], 
        "69": [
          "INSTANCE", 
          "WeakSet", 
          [
            "_iterating", 
            [
              "REF", 
              70
            ]
          ], 
          [
            "_pending_removals", 
            [
              "REF", 
              71
            ]
          ], 
          [
            "_remove", 
            [
              "REF", 
              72
            ]
          ], 
          [
            "data", 
            [
              "REF", 
              73
            ]
          ]
        ], 
        "70": [
          "SET"
        ], 
        "71": [
          "LIST"
        ], 
        "72": [
          "FUNCTION", 
          "_remove(item, selfref)", 
          null
        ], 
        "73": [
          "SET"
        ], 
        "74": [
          "INSTANCE", 
          "WeakSet", 
          [
            "_iterating", 
            [
              "REF", 
              75
            ]
          ], 
          [
            "_pending_removals", 
            [
              "REF", 
              76
            ]
          ], 
          [
            "_remove", 
            [
              "REF", 
              77
            ]
          ], 
          [
            "data", 
            [
              "REF", 
              78
            ]
          ]
        ], 
        "75": [
          "SET"
        ], 
        "76": [
          "LIST"
        ], 
        "77": [
          "FUNCTION", 
          "_remove(item, selfref)", 
          null
        ], 
        "78": [
          "SET"
        ], 
        "79": [
          "INSTANCE", 
          "WeakSet", 
          [
            "_iterating", 
            [
              "REF", 
              80
            ]
          ], 
          [
            "_pending_removals", 
            [
              "REF", 
              81
            ]
          ], 
          [
            "_remove", 
            [
              "REF", 
              82
            ]
          ], 
          [
            "data", 
            [
              "REF", 
              83
            ]
          ]
        ], 
        "80": [
          "SET"
        ], 
        "81": [
          "LIST"
        ], 
        "82": [
          "FUNCTION", 
          "_remove(item, selfref)", 
          null
        ], 
        "83": [
          "SET", 
          [
            "REF", 
            84
          ]
        ], 
        "84": [
          "weakref", 
          "<weakref at 0xADDR>"
        ], 
        "85": [
          "classmethod", 
          "<classmethod object at 0xADDR>"
        ], 
        "86": [
          "INSTANCE", 
          "ABCMeta", 
          [
            "__abstractmethods__", 
            [
              "REF", 
              87
            ]
          ], 
          [
            "__contains__", 
            [
              "REF", 
              88
            ]
          ], 
          [
            "__metaclass__", 
            [
              "REF", 
              89
            ]
          ], 
          [
            "__subclasshook__", 
            [
              "REF", 
              95
            ]
          ], 
          [
            "_abc_cache", 
            [
              "REF", 
              96
            ]
          ], 
          [
            "_abc_negative_cache", 
            [
              "REF", 
              101
            ]
          ], 
          [
            "_abc_negative_cache_version", 
            13
          ], 
          [
            "_abc_registry", 
            [
              "REF", 
              106
            ]
          ]
        ], 
        "87": [
          "frozenset", 
          "frozenset(['__contains__'])"
        ], 
        "88": [
          "FUNCTION", 
          "__contains__(self, x)", 
          null
        ], 
        "89": [
          "CLASS", 
          "ABCMeta", 
          [
            "type"
          ], 
          [
            "__instancecheck__", 
            [
              "REF", 
              90
            ]
          ], 
          [
            "__new__", 
            [
              "REF", 
              91
            ]
          ], 
          [
            "__subclasscheck__", 
            [
              "REF", 
              92
            ]
          ], 
          [
            "_abc_invalidation_counter", 
            15
          ], 
          [
            "_dump_registry", 
            [
              "REF", 
              93
            ]
          ], 
          [
            "register", 
            [
              "REF", 
              94
            ]
          ]
        ], 
        "90": [
          "FUNCTION", 
          "__instancecheck__(cls, instance)", 
          null
        ], 
        "91": [
          "staticmethod", 
          "<staticmethod object at 0xADDR>"
        ], 
        "92": [
          "FUNCTION", 
          "__subclasscheck__(cls, subclass)", 
          null
        ], 
        "93": [
          "FUNCTION", 
          "_dump_registry(cls, file)", 
          null
        ], 
        "94": [
          "FUNCTION", 
          "register(cls, subclass)", 
          null
        ], 
        "95": [
          "classmethod", 
          "<classmethod object at 0xADDR>"
        ], 
        "96": [
          "INSTANCE", 
          "WeakSet", 
          [
            "_iterating", 
            [
              "REF", 
              97
            ]
          ], 
          [
            "_pending_removals", 
            [
              "REF", 
              98
            ]
          ], 
          [
            "_remove", 
            [
              "REF", 
              99
            ]
          ], 
          [
            "data", 
            [
              "REF", 
              100
            ]
          ]
        ], 
        "97": [
          "SET"
        ], 
        "98": [
          "LIST"
        ], 
        "99": [
          "FUNCTION", 
          "_remove(item, selfref)", 
          null
        ], 
        "100": [
          "SET"
        ], 
        "101": [
          "INSTANCE", 
          "WeakSet", 
          [
            "_iterating", 
            [
              "REF", 
              102
            ]
          ], 
          [
            "_pending_removals", 
            [
              "REF", 
              103
            ]
          ], 
          [
            "_remove", 
            [
              "REF", 
              104
            ]
          ], 
          [
            "data", 
            [
              "REF", 
              105
            ]
          ]
        ], 
        "102": [
          "SET"
        ], 
        "103": [
          "LIST"
        ], 
        "104": [
          "FUNCTION", 
          "_remove(item, selfref)", 
          null
        ], 
        "105": [
          "SET"
        ], 
        "106": [
          "INSTANCE", 
          "WeakSet", 
          [
            "_iterating", 
            [
              "REF", 
              107
            ]
          ], 
          [
            "_pending_removals", 
            [
              "REF", 
              108
            ]
          ], 
          [
            "_remove", 
            [
              "REF", 
              109
            ]
          ], 
          [
            "data", 
            [
              "REF", 
              110
            ]
          ]
        ], 
        "107": [
          "SET"
        ], 
        "108": [
          "LIST"
        ], 
        "109": [
          "FUNCTION", 
          "_remove(item, selfref)", 
          null
        ], 
        "110": [
          "SET"
        ], 
        "111": [
          "INSTANCE", 
          "ABCMeta", 
          [
            "__abstractmethods__", 
            [
              "REF", 
              112
            ]
          ], 
          [
            "__contains__", 
            [
              "REF", 
              113
            ]
          ], 
          [
            "__eq__", 
            [
              "REF", 
              114
            ]
          ], 
          [
            "__getitem__", 
            [
              "REF", 
              115
            ]
          ], 
          [
            "__hash__", 
            null
          ], 
          [
            "__ne__", 
            [
              "REF", 
              116
            ]
          ], 
          [
            "_abc_cache", 
            [
              "REF", 
              117
            ]
          ], 
          [
            "_abc_negative_cache", 
            [
              "REF", 
              122
            ]
          ], 
          [
            "_abc_negative_cache_version", 
            13
          ], 
          [
            "_abc_registry", 
            [
              "REF", 
              127
            ]
          ], 
          [
            "get", 
            [
              "REF", 
              132
            ]
          ], 
          [
            "items", 
            [
              "REF", 
              133
            ]
          ], 
          [
            "iteritems", 
            [
              "REF", 
              134
            ]
          ], 
          [
            "iterkeys", 
            [
              "REF", 
              135
            ]
          ], 
          [
            "itervalues", 
            [
              "REF", 
              136
            ]
          ], 
          [
            "keys", 
            [
              "REF", 
              137
            ]
          ], 
          [
            "values", 
            [
              "REF", 
              138
            ]
          ]
        ], 
        "112": [
          "frozenset", 
          "frozenset(['__iter__', '__getitem__', '__len__'])"
        ], 
        "113": [
          "FUNCTION", 
          "__contains__(self, key)", 
          null
        ], 
        "114": [
          "FUNCTION", 
          "__eq__(self, other)", 
          null
        ], 
        "115": [
          "FUNCTION", 
          "__getitem__(self, key)", 
          null
        ], 
        "116": [
          "FUNCTION", 
          "__ne__(self, other)", 
          null
        ], 
        "117": [
          "INSTANCE", 
          "WeakSet", 
          [
            "_iterating", 
            [
              "REF", 
              118
            ]
          ], 
          [
            "_pending_removals", 
            [
              "REF", 
              119
            ]
          ], 
          [
            "_remove", 
            [
              "REF", 
              120
            ]
          ], 
          [
            "data", 
            [
              "REF", 
              121
            ]
          ]
        ], 
        "118": [
          "SET"
        ], 
        "119": [
          "LIST"
        ], 
        "120": [
          "FUNCTION", 
          "_remove(item, selfref)", 
          null
        ], 
        "121": [
          "SET"
        ], 
        "122": [
          "INSTANCE", 
          "WeakSet", 
          [
            "_iterating", 
            [
              "REF", 
              123
            ]
          ], 
          [
            "_pending_removals", 
            [
              "REF", 
              124
            ]
          ], 
          [
            "_remove", 
            [
              "REF", 
              125
            ]
          ], 
          [
            "data", 
            [
              "REF", 
              126
            ]
          ]
        ], 
        "123": [
          "SET"
        ], 
        "124": [
          "LIST"
        ], 
        "125": [
          "FUNCTION", 
          "_remove(item, selfref)", 
          null
        ], 
        "126": [
          "SET"
        ], 
        "127": [
          "INSTANCE", 
          "WeakSet", 
          [
            "_iterating", 
            [
              "REF", 
              128
            ]
          ], 
          [
            "_pending_removals", 
            [
              "REF", 
              129
            ]
          ], 
          [
            "_remove", 
            [
              "REF", 
              130
            ]
          ], 
          [
            "data", 
            [
              "REF", 
              131
            ]
          ]
        ], 
        "128": [
          "SET"
        ], 
        "129": [
          "LIST"
        ], 
        "130": [
          "FUNCTION", 
          "_remove(item, selfref)", 
          null
        ], 
        "131": [
          "SET"
        ], 
        "132": [
          "FUNCTION", 
          "get(self, key, default)", 
          null
        ], 
        "133": [
          "FUNCTION", 
          "items(self)", 
          null
        ], 
        "134": [
          "FUNCTION", 
          "iteritems(self)", 
          null
        ], 
        "135": [
          "FUNCTION", 
          "iterkeys(self)", 
          null
        ], 
        "136": [
          "FUNCTION", 
          "itervalues(self)", 
          null
        ], 
        "137": [
          "FUNCTION", 
          "keys(self)", 
          null
        ], 
        "138": [
          "FUNCTION", 
          "values(self)", 
          null
        ], 
        "139": [
          "INSTANCE", 
          "ABCMeta", 
          [
            "__abstractmethods__", 
            [
              "REF", 
              140
            ]
          ], 
          [
            "__call__", 
            [
              "REF", 
              141
            ]
          ], 
          [
            "__metaclass__", 
            [
              "REF", 
              89
            ]
          ], 
          [
            "__subclasshook__", 
            [
              "REF", 
              142
            ]
          ], 
          [
            "_abc_cache", 
            [
              "REF", 
              143
            ]
          ], 
          [
            "_abc_negative_cache", 
            [
              "REF", 
              148
            ]
          ], 
          [
            "_abc_negative_cache_version", 
            13
          ], 
          [
            "_abc_registry", 
            [
              "REF", 
              153
            ]
          ]
        ], 
        "140": [
          "frozenset", 
          "frozenset(['__call__'])"
        ], 
        "141": [
          "FUNCTION", 
          "__call__(self, *args, **kwds)", 
          null
        ], 
        "142": [
          "classmethod", 
          "<classmethod object at 0xADDR>"
        ], 
        "143": [
          "INSTANCE", 
          "WeakSet", 
          [
            "_iterating", 
            [
              "REF", 
              144
            ]
          ], 
          [
            "_pending_removals", 
            [
              "REF", 
              145
            ]
          ], 
          [
            "_remove", 
            [
              "REF", 
              146
            ]
          ], 
          [
            "data", 
            [
              "REF", 
              147
            ]
          ]
        ], 
        "144": [
          "SET"
        ], 
        "145": [
          "LIST"
        ], 
        "146": [
          "FUNCTION", 
          "_remove(item, selfref)", 
          null
        ], 
        "147": [
          "SET"
        ], 
        "148": [
          "INSTANCE", 
          "WeakSet", 
          [
            "_iterating", 
            [
              "REF", 
              149
            ]
          ], 
          [
            "_pending_removals", 
            [
              "REF", 
              150
            ]
          ], 
          [
            "_remove", 
            [
              "REF", 
              151
            ]
          ], 
          [
            "data", 
            [
              "REF", 
              152
            ]
          ]
        ], 
        "149": [
          "SET"
        ], 
        "150": [
          "LIST"
        ], 
        "151": [
          "FUNCTION", 
          "_remove(item, selfref)", 
          null
        ], 
        "152": [
          "SET"
        ], 
        "153": [
          "INSTANCE", 
          "WeakSet", 
          [
            "_iterating", 
            [
              "REF", 
              154
            ]
          ], 
          [
            "_pending_removals", 
            [
              "REF", 
              155
            ]
          ], 
          [
            "_remove", 
            [
              "REF", 
              156
            ]
          ], 
          [
            "data", 
            [
              "REF", 
              157
            ]
          ]
        ], 
        "154": [
          "SET"
        ], 
        "155": [
          "LIST"
        ], 
        "156": [
          "FUNCTION", 
          "_remove(item, selfref)", 
          null
        ], 
        "157": [
          "SET"
        ], 
        "158": [
          "INSTANCE", 
          "ABCMeta", 
          [
            "__abstractmethods__", 
            [
              "REF", 
              66
            ]
          ], 
          [
            "__init__", 
            [
              "REF", 
              159
            ]
          ], 
          [
            "__len__", 
            [
              "REF", 
              160
            ]
          ], 
          [
            "__repr__", 
            [
              "REF", 
              161
            ]
          ], 
          [
            "_abc_cache", 
            [
              "REF", 
              162
            ]
          ], 
          [
            "_abc_negative_cache", 
            [
              "REF", 
              167
            ]
          ], 
          [
            "_abc_negative_cache_version", 
            15
          ], 
          [
            "_abc_registry", 
            [
              "REF", 
              172
            ]
          ]
        ], 
        "159": [
          "FUNCTION", 
          "__init__(self, mapping)", 
          null
        ], 
        "160": [
          "FUNCTION", 
          "__len__(self)", 
          null
        ], 
        "161": [
          "FUNCTION", 
          "__repr__(self)", 
          null
        ], 
        "162": [
          "INSTANCE", 
          "WeakSet", 
          [
            "_iterating", 
            [
              "REF", 
              163
            ]
          ], 
          [
            "_pending_removals", 
            [
              "REF", 
              164
            ]
          ], 
          [
            "_remove", 
            [
              "REF", 
              165
            ]
          ], 
          [
            "data", 
            [
              "REF", 
              166
            ]
          ]
        ], 
        "163": [
          "SET"
        ], 
        "164": [
          "LIST"
        ], 
        "165": [
          "FUNCTION", 
          "_remove(item, selfref)", 
          null
        ], 
        "166": [
          "SET"
        ], 
        "167": [
          "INSTANCE", 
          "WeakSet", 
          [
            "_iterating", 
            [
              "REF", 
              168
            ]
          ], 
          [
            "_pending_removals", 
            [
              "REF", 
              169
            ]
          ], 
          [
            "_remove", 
            [
              "REF", 
              170
            ]
          ], 
          [
            "data", 
            [
              "REF", 
              171
            ]
          ]
        ], 
        "168": [
          "SET"
        ], 
        "169": [
          "LIST"
        ], 
        "170": [
          "FUNCTION", 
          "_remove(item, selfref)", 
          null
        ], 
        "171": [
          "SET"
        ], 
        "172": [
          "INSTANCE", 
          "WeakSet", 
          [
            "_iterating", 
            [
              "REF", 
              173
            ]
          ], 
          [
            "_pending_removals", 
            [
              "REF", 
              174
            ]
          ], 
          [
            "_remove", 
            [
              "REF", 
              175
            ]
          ], 
          [
            "data", 
            [
              "REF", 
              176
            ]
          ]
        ], 
        "173": [
          "SET"
        ], 
        "174": [
          "LIST"
        ], 
        "175": [
          "FUNCTION", 
          "_remove(item, selfref)", 
          null
        ], 
        "176": [
          "SET"
        ], 
        "177": [
          "INSTANCE", 
          "ABCMeta", 
          [
            "__abstractmethods__", 
            [
              "REF", 
              178
            ]
          ], 
          [
            "__hash__", 
            [
              "REF", 
              179
            ]
          ], 
          [
            "__metaclass__", 
            [
              "REF", 
              89
            ]
          ], 
          [
            "__subclasshook__", 
            [
              "REF", 
              180
            ]
          ], 
          [
            "_abc_cache", 
            [
              "REF", 
              181
            ]
          ], 
          [
            "_abc_negative_cache", 
            [
              "REF", 
              186
            ]
          ], 
          [
            "_abc_negative_cache_version", 
            0
          ], 
          [
            "_abc_registry", 
            [
              "REF", 
              191
            ]
          ]
        ], 
        "178": [
          "frozenset", 
          "frozenset(['__hash__'])"
        ], 
        "179": [
          "FUNCTION", 
          "__hash__(self)", 
          null
        ], 
        "180": [
          "classmethod", 
          "<classmethod object at 0xADDR>"
        ], 
        "181": [
          "INSTANCE", 
          "WeakSet", 
          [
            "_iterating", 
            [
              "REF", 
              182
            ]
          ], 
          [
            "_pending_removals", 
            [
              "REF", 
              183
            ]
          ], 
          [
            "_remove", 
            [
              "REF", 
              184
            ]
          ], 
          [
            "data", 
            [
              "REF", 
              185
            ]
          ]
        ], 
        "182": [
          "SET"
        ], 
        "183": [
          "LIST"
        ], 
        "184": [
          "FUNCTION", 
          "_remove(item, selfref)", 
          null
        ], 
        "185": [
          "SET"
        ], 
        "186": [
          "INSTANCE", 
          "WeakSet", 
          [
            "_iterating", 
            [
              "REF", 
              187
            ]
          ], 
          [
            "_pending_removals", 
            [
              "REF", 
              188
            ]
          ], 
          [
            "_remove", 
            [
              "REF", 
              189
            ]
          ], 
          [
            "data", 
            [
              "REF", 
              190
            ]
          ]
        ], 
        "187": [
          "SET"
        ], 
        "188": [
          "LIST"
        ], 
        "189": [
          "FUNCTION", 
          "_remove(item, selfref)", 
          null
        ], 
        "190": [
          "SET"
        ], 
        "191": [
          "INSTANCE", 
          "WeakSet", 
          [
            "_iterating", 
            [
              "REF", 
              192
            ]
          ], 
          [
            "_pending_removals", 
            [
              "REF", 
              193
            ]
          ], 
          [
            "_remove", 
            [
              "REF", 
              194
            ]
          ], 
          [
            "data", 
            [
              "REF", 
              195
            ]
          ]
        ], 
        "192": [
          "SET"
        ], 
        "193": [
          "LIST"
        ], 
        "194": [
          "FUNCTION", 
          "_remove(item, selfref)", 
          null
        ], 
        "195": [
          "SET"
        ], 
        "196": [
          "CLASS", 
          "deque", 
          [], 
          [
            "__copy__", 
            [
              "REF", 
              197
            ]
          ], 
          [
            "__delitem__", 
            [
              "REF", 
              198
            ]
          ], 
          [
            "__eq__", 
            [
              "REF", 
              199
            ]
          ], 
          [
            "__ge__", 
            [
              "REF", 
              200
            ]
          ], 
          [
            "__getattribute__", 
            [
              "REF", 
              201
            ]
          ], 
          [
            "__getitem__", 
            [
              "REF", 
              202
            ]
          ], 
          [
            "__gt__", 
            [
              "REF", 
              203
            ]
          ], 
          [
            "__hash__", 
            null
          ], 
          [
            "__iadd__", 
            [
              "REF", 
              204
            ]
          ], 
          [
            "__init__", 
            [
              "REF", 
              205
            ]
          ], 
          [
            "__iter__", 
            [
              "REF", 
              206
            ]
          ], 
          [
            "__le__", 
            [
              "REF", 
              207
            ]
          ], 
          [
            "__len__", 
            [
              "REF", 
              208
            ]
          ], 
          [
            "__lt__", 
            [
              "REF", 
              209
            ]
          ], 
          [
            "__ne__", 
            [
              "REF", 
              210
            ]
          ], 
          [
            "__new__", 
            [
              "REF", 
              211
            ]
          ], 
          [
            "__reduce__", 
            [
              "REF", 
              212
            ]
          ], 
          [
            "__repr__", 
            [
              "REF", 
              213
            ]
          ], 
          [
            "__reversed__", 
            [
              "REF", 
              214
            ]
          ], 
          [
            "__setitem__", 
            [
              "REF", 
              215
            ]
          ], 
          [
            "__sizeof__", 
            [
              "REF", 
              216
            ]
          ], 
          [
            "append", 
            [
              "REF", 
              217
            ]
          ], 
          [
            "appendleft", 
            [
              "REF", 
              218
            ]
          ], 
          [
            "clear", 
            [
              "REF", 
              219
            ]
          ], 
          [
            "count", 
            [
              "REF", 
              220
            ]
          ], 
          [
            "extend", 
            [
              "REF", 
              221
            ]
          ], 
          [
            "extendleft", 
            [
              "REF", 
              222
            ]
          ], 
          [
            "maxlen", 
            [
              "REF", 
              223
            ]
          ], 
          [
            "pop", 
            [
              "REF", 
              224
            ]
          ], 
          [
            "popleft", 
            [
              "REF", 
              225
            ]
          ], 
          [
            "remove", 
            [
              "REF", 
              226
            ]
          ], 
          [
            "reverse", 
            [
              "REF", 
              227
            ]
          ], 
          [
            "rotate", 
            [
              "REF", 
              228
            ]
          ]
        ], 
        "197": [
          "method_descriptor", 
          "<method '__copy__' of 'collections.deque' objects>"
        ], 
        "198": [
          "wrapper_descriptor", 
          "<slot wrapper '__delitem__' of 'collections.deque' objects>"
        ], 
        "199": [
          "wrapper_descriptor", 
          "<slot wrapper '__eq__' of 'collections.deque' objects>"
        ], 
        "200": [
          "wrapper_descriptor", 
          "<slot wrapper '__ge__' of 'collections.deque' objects>"
        ], 
        "201": [
          "wrapper_descriptor", 
          "<slot wrapper '__getattribute__' of 'collections.deque' objects>"
        ], 
        "202": [
          "wrapper_descriptor", 
          "<slot wrapper '__getitem__' of 'collections.deque' objects>"
        ], 
        "203": [
          "wrapper_descriptor", 
          "<slot wrapper '__gt__' of 'collections.deque' objects>"
        ], 
        "204": [
          "wrapper_descriptor", 
          "<slot wrapper '__iadd__' of 'collections.deque' objects>"
        ], 
        "205": [
          "wrapper_descriptor", 
          "<slot wrapper '__init__' of 'collections.deque' objects>"
        ], 
        "206": [
          "wrapper_descriptor", 
          "<slot wrapper '__iter__' of 'collections.deque' objects>"
        ], 
        "207": [
          "wrapper_descriptor", 
          "<slot wrapper '__le__' of 'collections.deque' objects>"
        ], 
        "208": [
          "wrapper_descriptor", 
          "<slot wrapper '__len__' of 'collections.deque' objects>"
        ], 
        "209": [
          "wrapper_descriptor", 
          "<slot wrapper '__lt__' of 'collections.deque' objects>"
        ], 
        "210": [
          "wrapper_descriptor", 
          "<slot wrapper '__ne__' of 'collections.deque' objects>"
        ], 
        "211": [
          "FUNCTION", 
          "__new__(...)", 
          null
        ], 
        "212": [
          "method_descriptor", 
          "<method '__reduce__' of 'collections.deque' objects>"
        ], 
        "213": [
          "wrapper_descriptor", 
          "<slot wrapper '__repr__' of 'collections.deque' objects>"
        ], 
        "214": [
          "method_descriptor", 
          "<method '__reversed__' of 'collections.deque' objects>"
        ], 
        "215": [
          "wrapper_descriptor", 
          "<slot wrapper '__setitem__' of 'collections.deque' objects>"
        ], 
        "216": [
          "method_descriptor", 
          "<method '__sizeof__' of 'collections.deque' objects>"
        ], 
        "217": [
          "method_descriptor", 
          "<method 'append' of 'collections.deque' objects>"
        ], 
        "218": [
          "method_descriptor", 
          "<method 'appendleft' of 'collections.deque' objects>"
        ], 
        "219": [
          "method_descriptor", 
          "<method 'clear' of 'collections.deque' objects>"
        ], 
        "220": [
          "method_descriptor", 
          "<method 'count' of 'collections.deque' objects>"
        ], 
        "221": [
          "method_descriptor", 
          "<method 'extend' of 'collections.deque' objects>"
        ], 
        "222": [
          "method_descriptor", 
          "<method 'extendleft' of 'collections.deque' objects>"
        ], 
        "223": [
          "getset_descriptor", 
          "<attribute 'maxlen' of 'collections.deque' objects>"
        ], 
        "224": [
          "method_descriptor", 
          "<method 'pop' of 'collections.deque' objects>"
        ], 
        "225": [
          "method_descriptor", 
          "<method 'popleft' of 'collections.deque' objects>"
        ], 
        "226": [
          "method_descriptor", 
          "<method 'remove' of 'collections.deque' objects>"
        ], 
        "227": [
          "method_descriptor", 
          "<method 'reverse' of 'collections.deque' objects>"
        ], 
        "228": [
          "method_descriptor", 
          "<method 'rotate' of 'collections.deque' objects>"
        ], 
        "229": [
          "INSTANCE", 
          "ABCMeta", 
          [
            "__abstractmethods__", 
            [
              "REF", 
              230
            ]
          ], 
          [
            "__iand__", 
            [
              "REF", 
              231
            ]
          ], 
          [
            "__ior__", 
            [
              "REF", 
              232
            ]
          ], 
          [
            "__isub__", 
            [
              "REF", 
              233
            ]
          ], 
          [
            "__ixor__", 
            [
              "REF", 
              234
            ]
          ], 
          [
            "_abc_cache", 
            [
              "REF", 
              235
            ]
          ], 
          [
            "_abc_negative_cache", 
            [
              "REF", 
              240
            ]
          ], 
          [
            "_abc_negative_cache_version", 
            13
          ], 
          [
            "_abc_registry", 
            [
              "REF", 
              245
            ]
          ], 
          [
            "add", 
            [
              "REF", 
              251
            ]
          ], 
          [
            "clear", 
            [
              "REF", 
              252
            ]
          ], 
          [
            "discard", 
            [
              "REF", 
              253
            ]
          ], 
          [
            "pop", 
            [
              "REF", 
              254
            ]
          ], 
          [
            "remove", 
            [
              "REF", 
              255
            ]
          ]
        ], 
        "230": [
          "frozenset", 
          "frozenset(['discard', 'add', '__iter__', '__len__', '__contains__'])"
        ], 
        "231": [
          "FUNCTION", 
          "__iand__(self, it)", 
          null
        ], 
        "232": [
          "FUNCTION", 
          "__ior__(self, it)", 
          null
        ], 
        "233": [
          "FUNCTION", 
          "__isub__(self, it)", 
          null
        ], 
        "234": [
          "FUNCTION", 
          "__ixor__(self, it)", 
          null
        ], 
        "235": [
          "INSTANCE", 
          "WeakSet", 
          [
            "_iterating", 
            [
              "REF", 
              236
            ]
          ], 
          [
            "_pending_removals", 
            [
              "REF", 
              237
            ]
          ], 
          [
            "_remove", 
            [
              "REF", 
              238
            ]
          ], 
          [
            "data", 
            [
              "REF", 
              239
            ]
          ]
        ], 
        "236": [
          "SET"
        ], 
        "237": [
          "LIST"
        ], 
        "238": [
          "FUNCTION", 
          "_remove(item, selfref)", 
          null
        ], 
        "239": [
          "SET"
        ], 
        "240": [
          "INSTANCE", 
          "WeakSet", 
          [
            "_iterating", 
            [
              "REF", 
              241
            ]
          ], 
          [
            "_pending_removals", 
            [
              "REF", 
              242
            ]
          ], 
          [
            "_remove", 
            [
              "REF", 
              243
            ]
          ], 
          [
            "data", 
            [
              "REF", 
              244
            ]
          ]
        ], 
        "241": [
          "SET"
        ], 
        "242": [
          "LIST"
        ], 
        "243": [
          "FUNCTION", 
          "_remove(item, selfref)", 
          null
        ], 
        "244": [
          "SET"
        ], 
        "245": [
          "INSTANCE", 
          "WeakSet", 
          [
            "_iterating", 
            [
              "REF", 
              246
            ]
          ], 
          [
            "_pending_removals", 
            [
              "REF", 
              247
            ]
          ], 
          [
            "_remove", 
            [
              "REF", 
              248
            ]
          ], 
          [
            "data", 
            [
              "REF", 
              249
            ]
          ]
        ], 
        "246": [
          "SET"
        ], 
        "247": [
          "LIST"
        ], 
        "248": [
          "FUNCTION", 
          "_remove(item, selfref)", 
          null
        ], 
        "249": [
          "SET", 
          [
            "REF", 
            250
          ]
        ], 
        "250": [
          "weakref", 
          "<weakref at 0xADDR>"
        ], 
        "251": [
          "FUNCTION", 
          "add(self, value)", 
          null
        ], 
        "252": [
          "FUNCTION", 
          "clear(self)", 
          null
        ], 
        "253": [
          "FUNCTION", 
          "discard(self, value)", 
          null
        ], 
        "254": [
          "FUNCTION", 
          "pop(self)", 
          null
        ], 
        "255": [
          "FUNCTION", 
          "remove(self, value)", 
          null
        ], 
        "256": [
          "INSTANCE", 
          "ABCMeta", 
          [
            "__abstractmethods__", 
            [
              "REF", 
              66
            ]
          ], 
          [
            "__contains__", 
            [
              "REF", 
              257
            ]
          ], 
          [
            "__iter__", 
            [
              "REF", 
              258
            ]
          ], 
          [
            "_abc_cache", 
            [
              "REF", 
              259
            ]
          ], 
          [
            "_abc_negative_cache", 
            [
              "REF", 
              264
            ]
          ], 
          [
            "_abc_negative_cache_version", 
            15
          ], 
          [
            "_abc_registry", 
            [
              "REF", 
              269
            ]
          ]
        ], 
        "257": [
          "FUNCTION", 
          "__contains__(self, value)", 
          null
        ], 
        "258": [
          "FUNCTION", 
          "__iter__(self)", 
          null
        ], 
        "259": [
          "INSTANCE", 
          "WeakSet", 
          [
            "_iterating", 
            [
              "REF", 
              260
            ]
          ], 
          [
            "_pending_removals", 
            [
              "REF", 
              261
            ]
          ], 
          [
            "_remove", 
            [
              "REF", 
              262
            ]
          ], 
          [
            "data", 
            [
              "REF", 
              263
            ]
          ]
        ], 
        "260": [
          "SET"
        ], 
        "261": [
          "LIST"
        ], 
        "262": [
          "FUNCTION", 
          "_remove(item, selfref)", 
          null
        ], 
        "263": [
          "SET"
        ], 
        "264": [
          "INSTANCE", 
          "WeakSet", 
          [
            "_iterating", 
            [
              "REF", 
              265
            ]
          ], 
          [
            "_pending_removals", 
            [
              "REF", 
              266
            ]
          ], 
          [
            "_remove", 
            [
              "REF", 
              267
            ]
          ], 
          [
            "data", 
            [
              "REF", 
              268
            ]
          ]
        ], 
        "265": [
          "SET"
        ], 
        "266": [
          "LIST"
        ], 
        "267": [
          "FUNCTION", 
          "_remove(item, selfref)", 
          null
        ], 
        "268": [
          "SET"
        ], 
        "269": [
          "INSTANCE", 
          "WeakSet", 
          [
            "_iterating", 
            [
              "REF", 
              270
            ]
          ], 
          [
            "_pending_removals", 
            [
              "REF", 
              271
            ]
          ], 
          [
            "_remove", 
            [
              "REF", 
              272
            ]
          ], 
          [
            "data", 
            [
              "REF", 
              273
            ]
          ]
        ], 
        "270": [
          "SET"
        ], 
        "271": [
          "LIST"
        ], 
        "272": [
          "FUNCTION", 
          "_remove(item, selfref)", 
          null
        ], 
        "273": [
          "SET", 
          [
            "REF", 
            274
          ]
        ], 
        "274": [
          "weakref", 
          "<weakref at 0xADDR>"
        ], 
        "275": [
          "CLASS", 
          "Counter", 
          [
            "dict"
          ], 
          [
            "__add__", 
            [
              "REF", 
              276
            ]
          ], 
          [
            "__and__", 
            [
              "REF", 
              277
            ]
          ], 
          [
            "__delitem__", 
            [
              "REF", 
              278
            ]
          ], 
          [
            "__init__", 
            [
              "REF", 
              279
            ]
          ], 
          [
            "__missing__", 
            [
              "REF", 
              280
            ]
          ], 
          [
            "__or__", 
            [
              "REF", 
              281
            ]
          ], 
          [
            "__reduce__", 
            [
              "REF", 
              282
            ]
          ], 
          [
            "__repr__", 
            [
              "REF", 
              283
            ]
          ], 
          [
            "__sub__", 
            [
              "REF", 
              284
            ]
          ], 
          [
            "copy", 
            [
              "REF", 
              285
            ]
          ], 
          [
            "elements", 
            [
              "REF", 
              286
            ]
          ], 
          [
            "fromkeys", 
            [
              "REF", 
              287
            ]
          ], 
          [
            "most_common", 
            [
              "REF", 
              288
            ]
          ], 
          [
            "subtract", 
            [
              "REF", 
              289
            ]
          ], 
          [
            "update", 
            [
              "REF", 
              290
            ]
          ]
        ], 
        "276": [
          "FUNCTION", 
          "__add__(self, other)", 
          null
        ], 
        "277": [
          "FUNCTION", 
          "__and__(self, other)", 
          null
        ], 
        "278": [
          "FUNCTION", 
          "__delitem__(self, elem)", 
          null
        ], 
        "279": [
          "FUNCTION", 
          "__init__(*args, **kwds)", 
          null
        ], 
        "280": [
          "FUNCTION", 
          "__missing__(self, key)", 
          null
        ], 
        "281": [
          "FUNCTION", 
          "__or__(self, other)", 
          null
        ], 
        "282": [
          "FUNCTION", 
          "__reduce__(self)", 
          null
        ], 
        "283": [
          "FUNCTION", 
          "__repr__(self)", 
          null
        ], 
        "284": [
          "FUNCTION", 
          "__sub__(self, other)", 
          null
        ], 
        "285": [
          "FUNCTION", 
          "copy(self)", 
          null
        ], 
        "286": [
          "FUNCTION", 
          "elements(self)", 
          null
        ], 
        "287": [
          "classmethod", 
          "<classmethod object at 0xADDR>"
        ], 
        "288": [
          "FUNCTION", 
          "most_common(self, n)", 
          null
        ], 
        "289": [
          "FUNCTION", 
          "subtract(*args, **kwds)", 
          null
        ], 
        "290": [
          "FUNCTION", 
          "update(*args, **kwds)", 
          null
        ], 
        "291": [
          "INSTANCE", 
          "ABCMeta", 
          [
            "__abstractmethods__", 
            [
              "REF", 
              292
            ]
          ], 
          [
            "__delitem__", 
            [
              "REF", 
              293
            ]
          ], 
          [
            "__iadd__", 
            [
              "REF", 
              294
            ]
          ], 
          [
            "__setitem__", 
            [
              "REF", 
              295
            ]
          ], 
          [
            "_abc_cache", 
            [
              "REF", 
              296
            ]
          ], 
          [
            "_abc_negative_cache", 
            [
              "REF", 
              301
            ]
          ], 
          [
            "_abc_negative_cache_version", 
            13
          ], 
          [
            "_abc_registry", 
            [
              "REF", 
              306
            ]
          ], 
          [
            "append", 
            [
              "REF", 
              312
            ]
          ], 
          [
            "extend", 
            [
              "REF", 
              313
            ]
          ], 
          [
            "insert", 
            [
              "REF", 
              314
            ]
          ], 
          [
            "pop", 
            [
              "REF", 
              315
            ]
          ], 
          [
            "remove", 
            [
              "REF", 
              316
            ]
          ], 
          [
            "reverse", 
            [
              "REF", 
              317
            ]
          ]
        ], 
        "292": [
          "frozenset", 
          "frozenset(['__delitem__', '__setitem__', '__getitem__', '__len__', 'insert'])"
        ], 
        "293": [
          "FUNCTION", 
          "__delitem__(self, index)", 
          null
        ], 
        "294": [
          "FUNCTION", 
          "__iadd__(self, values)", 
          null
        ], 
        "295": [
          "FUNCTION", 
          "__setitem__(self, index, value)", 
          null
        ], 
        "296": [
          "INSTANCE", 
          "WeakSet", 
          [
            "_iterating", 
            [
              "REF", 
              297
            ]
          ], 
          [
            "_pending_removals", 
            [
              "REF", 
              298
            ]
          ], 
          [
            "_remove", 
            [
              "REF", 
              299
            ]
          ], 
          [
            "data", 
            [
              "REF", 
              300
            ]
          ]
        ], 
        "297": [
          "SET"
        ], 
        "298": [
          "LIST"
        ], 
        "299": [
          "FUNCTION", 
          "_remove(item, selfref)", 
          null
        ], 
        "300": [
          "SET"
        ], 
        "301": [
          "INSTANCE", 
          "WeakSet", 
          [
            "_iterating", 
            [
              "REF", 
              302
            ]
          ], 
          [
            "_pending_removals", 
            [
              "REF", 
              303
            ]
          ], 
          [
            "_remove", 
            [
              "REF", 
              304
            ]
          ], 
          [
            "data", 
            [
              "REF", 
              305
            ]
          ]
        ], 
        "302": [
          "SET"
        ], 
        "303": [
          "LIST"
        ], 
        "304": [
          "FUNCTION", 
          "_remove(item, selfref)", 
          null
        ], 
        "305": [
          "SET"
        ], 
        "306": [
          "INSTANCE", 
          "WeakSet", 
          [
            "_iterating", 
            [
              "REF", 
              307
            ]
          ], 
          [
            "_pending_removals", 
            [
              "REF", 
              308
            ]
          ], 
          [
            "_remove", 
            [
              "REF", 
              309
            ]
          ], 
          [
            "data", 
            [
              "REF", 
              310
            ]
          ]
        ], 
        "307": [
          "SET"
        ], 
        "308": [
          "LIST"
        ], 
        "309": [
          "FUNCTION", 
          "_remove(item, selfref)", 
          null
        ], 
        "310": [
          "SET", 
          [
            "REF", 
            311
          ]
        ], 
        "311": [
          "weakref", 
          "<weakref at 0xADDR>"
        ], 
        "312": [
          "FUNCTION", 
          "append(self, value)", 
          null
        ], 
        "313": [
          "FUNCTION", 
          "extend(self, values)", 
          null
        ], 
        "314": [
          "FUNCTION", 
          "insert(self, index, value)", 
          null
        ], 
        "315": [
          "FUNCTION", 
          "pop(self, index)", 
          null
        ], 
        "316": [
          "FUNCTION", 
          "remove(self, value)", 
          null
        ], 
        "317": [
          "FUNCTION", 
          "reverse(self)", 
          null
        ], 
        "318": [
          "INSTANCE", 
          "ABCMeta", 
          [
            "__abstractmethods__", 
            [
              "REF", 
              319
            ]
          ], 
          [
            "__len__", 
            [
              "REF", 
              320
            ]
          ], 
          [
            "__metaclass__", 
            [
              "REF", 
              89
            ]
          ], 
          [
            "__subclasshook__", 
            [
              "REF", 
              321
            ]
          ], 
          [
            "_abc_cache", 
            [
              "REF", 
              322
            ]
          ], 
          [
            "_abc_negative_cache", 
            [
              "REF", 
              327
            ]
          ], 
          [
            "_abc_negative_cache_version", 
            1
          ], 
          [
            "_abc_registry", 
            [
              "REF", 
              332
            ]
          ]
        ], 
        "319": [
          "frozenset", 
          "frozenset(['__len__'])"
        ], 
        "320": [
          "FUNCTION", 
          "__len__(self)", 
          null
        ], 
        "321": [
          "classmethod", 
          "<classmethod object at 0xADDR>"
        ], 
        "322": [
          "INSTANCE", 
          "WeakSet", 
          [
            "_iterating", 
            [
              "REF", 
              323
            ]
          ], 
          [
            "_pending_removals", 
            [
              "REF", 
              324
            ]
          ], 
          [
            "_remove", 
            [
              "REF", 
              325
            ]
          ], 
          [
            "data", 
            [
              "REF", 
              326
            ]
          ]
        ], 
        "323": [
          "SET"
        ], 
        "324": [
          "LIST"
        ], 
        "325": [
          "FUNCTION", 
          "_remove(item, selfref)", 
          null
        ], 
        "326": [
          "SET"
        ], 
        "327": [
          "INSTANCE", 
          "WeakSet", 
          [
            "_iterating", 
            [
              "REF", 
              328
            ]
          ], 
          [
            "_pending_removals", 
            [
              "REF", 
              329
            ]
          ], 
          [
            "_remove", 
            [
              "REF", 
              330
            ]
          ], 
          [
            "data", 
            [
              "REF", 
              331
            ]
          ]
        ], 
        "328": [
          "SET"
        ], 
        "329": [
          "LIST"
        ], 
        "330": [
          "FUNCTION", 
          "_remove(item, selfref)", 
          null
        ], 
        "331": [
          "SET"
        ], 
        "332": [
          "INSTANCE", 
          "WeakSet", 
          [
            "_iterating", 
            [
              "REF", 
              333
            ]
          ], 
          [
            "_pending_removals", 
            [
              "REF", 
              334
            ]
          ], 
          [
            "_remove", 
            [
              "REF", 
              335
            ]
          ], 
          [
            "data", 
            [
              "REF", 
              336
            ]
          ]
        ], 
        "333": [
          "SET"
        ], 
        "334": [
          "LIST"
        ], 
        "335": [
          "FUNCTION", 
          "_remove(item, selfref)", 
          null
        ], 
        "336": [
          "SET"
        ], 
        "337": [
          "INSTANCE", 
          "ABCMeta", 
          [
            "__abstractmethods__", 
            [
              "REF", 
              338
            ]
          ], 
          [
            "__and__", 
            [
              "REF", 
              339
            ]
          ], 
          [
            "__eq__", 
            [
              "REF", 
              340
            ]
          ], 
          [
            "__ge__", 
            [
              "REF", 
              341
            ]
          ], 
          [
            "__gt__", 
            [
              "REF", 
              342
            ]
          ], 
          [
            "__hash__", 
            null
          ], 
          [
            "__le__", 
            [
              "REF", 
              343
            ]
          ], 
          [
            "__lt__", 
            [
              "REF", 
              344
            ]
          ], 
          [
            "__ne__", 
            [
              "REF", 
              345
            ]
          ], 
          [
            "__or__", 
            [
              "REF", 
              346
            ]
          ], 
          [
            "__rand__", 
            [
              "REF", 
              339
            ]
          ], 
          [
            "__ror__", 
            [
              "REF", 
              346
            ]
          ], 
          [
            "__rsub__", 
            [
              "REF", 
              347
            ]
          ], 
          [
            "__rxor__", 
            [
              "REF", 
              348
            ]
          ], 
          [
            "__sub__", 
            [
              "REF", 
              349
            ]
          ], 
          [
            "__xor__", 
            [
              "REF", 
              348
            ]
          ], 
          [
            "_abc_cache", 
            [
              "REF", 
              350
            ]
          ], 
          [
            "_abc_negative_cache", 
            [
              "REF", 
              355
            ]
          ], 
          [
            "_abc_negative_cache_version", 
            13
          ], 
          [
            "_abc_registry", 
            [
              "REF", 
              360
            ]
          ], 
          [
            "_from_iterable", 
            [
              "REF", 
              366
            ]
          ], 
          [
            "_hash", 
            [
              "REF", 
              367
            ]
          ], 
          [
            "isdisjoint", 
            [
              "REF", 
              368
            ]
          ]
        ], 
        "338": [
          "frozenset", 
          "frozenset(['__iter__', '__len__', '__contains__'])"
        ], 
        "339": [
          "FUNCTION", 
          "__and__(self, other)", 
          null
        ], 
        "340": [
          "FUNCTION", 
          "__eq__(self, other)", 
          null
        ], 
        "341": [
          "FUNCTION", 
          "__ge__(self, other)", 
          null
        ], 
        "342": [
          "FUNCTION", 
          "__gt__(self, other)", 
          null
        ], 
        "343": [
          "FUNCTION", 
          "__le__(self, other)", 
          null
        ], 
        "344": [
          "FUNCTION", 
          "__lt__(self, other)", 
          null
        ], 
        "345": [
          "FUNCTION", 
          "__ne__(self, other)", 
          null
        ], 
        "346": [
          "FUNCTION", 
          "__or__(self, other)", 
          null
        ], 
        "347": [
          "FUNCTION", 
          "__rsub__(self, other)", 
          null
        ], 
        "348": [
          "FUNCTION", 
          "__xor__(self, other)", 
          null
        ], 
        "349": [
          "FUNCTION", 
          "__sub__(self, other)", 
          null
        ], 
        "350": [
          "INSTANCE", 
          "WeakSet", 
          [
            "_iterating", 
            [
              "REF", 
              351
            ]
          ], 
          [
            "_pending_removals", 
            [
              "REF", 
              352
            ]
          ], 
          [
            "_remove", 
            [
              "REF", 
              353
            ]
          ], 
          [
            "data", 
            [
              "REF", 
              354
            ]
          ]
        ], 
        "351": [
          "SET"
        ], 
        "352": [
          "LIST"
        ], 
        "353": [
          "FUNCTION", 
          "_remove(item, selfref)", 
          null
        ], 
        "354": [
          "SET"
        ], 
        "355": [
          "INSTANCE", 
          "WeakSet", 
          [
            "_iterating", 
            [
              "REF", 
              356
            ]
          ], 
          [
            "_pending_removals", 
            [
              "REF", 
              357
            ]
          ], 
          [
            "_remove", 
            [
              "REF", 
              358
            ]
          ], 
          [
            "data", 
            [
              "REF", 
              359
            ]
          ]
        ], 
        "356": [
          "SET"
        ], 
        "357": [
          "LIST"
        ], 
        "358": [
          "FUNCTION", 
          "_remove(item, selfref)", 
          null
        ], 
        "359": [
          "SET"
        ], 
        "360": [
          "INSTANCE", 
          "WeakSet", 
          [
            "_iterating", 
            [
              "REF", 
              361
            ]
          ], 
          [
            "_pending_removals", 
            [
              "REF", 
              362
            ]
          ], 
          [
            "_remove", 
            [
              "REF", 
              363
            ]
          ], 
          [
            "data", 
            [
              "REF", 
              364
            ]
          ]
        ], 
        "361": [
          "SET"
        ], 
        "362": [
          "LIST"
        ], 
        "363": [
          "FUNCTION", 
          "_remove(item, selfref)", 
          null
        ], 
        "364": [
          "SET", 
          [
            "REF", 
            365
          ]
        ], 
        "365": [
          "weakref", 
          "<weakref at 0xADDR>"
        ], 
        "366": [
          "classmethod", 
          "<classmethod object at 0xADDR>"
        ], 
        "367": [
          "FUNCTION", 
          "_hash(self)", 
          null
        ], 
        "368": [
          "FUNCTION", 
          "isdisjoint(self, other)", 
          null
        ], 
        "369": [
          "INSTANCE", 
          "ABCMeta", 
          [
            "__abstractmethods__", 
            [
              "REF", 
              370
            ]
          ], 
          [
            "__iter__", 
            [
              "REF", 
              371
            ]
          ], 
          [
            "__subclasshook__", 
            [
              "REF", 
              372
            ]
          ], 
          [
            "_abc_cache", 
            [
              "REF", 
              373
            ]
          ], 
          [
            "_abc_negative_cache", 
            [
              "REF", 
              378
            ]
          ], 
          [
            "_abc_negative_cache_version", 
            13
          ], 
          [
            "_abc_registry", 
            [
              "REF", 
              383
            ]
          ], 
          [
            "next", 
            [
              "REF", 
              388
            ]
          ]
        ], 
        "370": [
          "frozenset", 
          "frozenset(['next'])"
        ], 
        "371": [
          "FUNCTION", 
          "__iter__(self)", 
          null
        ], 
        "372": [
          "classmethod", 
          "<classmethod object at 0xADDR>"
        ], 
        "373": [
          "INSTANCE", 
          "WeakSet", 
          [
            "_iterating", 
            [
              "REF", 
              374
            ]
          ], 
          [
            "_pending_removals", 
            [
              "REF", 
              375
            ]
          ], 
          [
            "_remove", 
            [
              "REF", 
              376
            ]
          ], 
          [
            "data", 
            [
              "REF", 
              377
            ]
          ]
        ], 
        "374": [
          "SET"
        ], 
        "375": [
          "LIST"
        ], 
        "376": [
          "FUNCTION", 
          "_remove(item, selfref)", 
          null
        ], 
        "377": [
          "SET"
        ], 
        "378": [
          "INSTANCE", 
          "WeakSet", 
          [
            "_iterating", 
            [
              "REF", 
              379
            ]
          ], 
          [
            "_pending_removals", 
            [
              "REF", 
              380
            ]
          ], 
          [
            "_remove", 
            [
              "REF", 
              381
            ]
          ], 
          [
            "data", 
            [
              "REF", 
              382
            ]
          ]
        ], 
        "379": [
          "SET"
        ], 
        "380": [
          "LIST"
        ], 
        "381": [
          "FUNCTION", 
          "_remove(item, selfref)", 
          null
        ], 
        "382": [
          "SET"
        ], 
        "383": [
          "INSTANCE", 
          "WeakSet", 
          [
            "_iterating", 
            [
              "REF", 
              384
            ]
          ], 
          [
            "_pending_removals", 
            [
              "REF", 
              385
            ]
          ], 
          [
            "_remove", 
            [
              "REF", 
              386
            ]
          ], 
          [
            "data", 
            [
              "REF", 
              387
            ]
          ]
        ], 
        "384": [
          "SET"
        ], 
        "385": [
          "LIST"
        ], 
        "386": [
          "FUNCTION", 
          "_remove(item, selfref)", 
          null
        ], 
        "387": [
          "SET"
        ], 
        "388": [
          "FUNCTION", 
          "next(self)", 
          null
        ], 
        "389": [
          "INSTANCE", 
          "ABCMeta", 
          [
            "__abstractmethods__", 
            [
              "REF", 
              390
            ]
          ], 
          [
            "__contains__", 
            [
              "REF", 
              391
            ]
          ], 
          [
            "__getitem__", 
            [
              "REF", 
              392
            ]
          ], 
          [
            "__iter__", 
            [
              "REF", 
              393
            ]
          ], 
          [
            "__reversed__", 
            [
              "REF", 
              394
            ]
          ], 
          [
            "_abc_cache", 
            [
              "REF", 
              395
            ]
          ], 
          [
            "_abc_negative_cache", 
            [
              "REF", 
              400
            ]
          ], 
          [
            "_abc_negative_cache_version", 
            13
          ], 
          [
            "_abc_registry", 
            [
              "REF", 
              405
            ]
          ], 
          [
            "count", 
            [
              "REF", 
              414
            ]
          ], 
          [
            "index", 
            [
              "REF", 
              415
            ]
          ]
        ], 
        "390": [
          "frozenset", 
          "frozenset(['__getitem__', '__len__'])"
        ], 
        "391": [
          "FUNCTION", 
          "__contains__(self, value)", 
          null
        ], 
        "392": [
          "FUNCTION", 
          "__getitem__(self, index)", 
          null
        ], 
        "393": [
          "FUNCTION", 
          "__iter__(self)", 
          null
        ], 
        "394": [
          "FUNCTION", 
          "__reversed__(self)", 
          null
        ], 
        "395": [
          "INSTANCE", 
          "WeakSet", 
          [
            "_iterating", 
            [
              "REF", 
              396
            ]
          ], 
          [
            "_pending_removals", 
            [
              "REF", 
              397
            ]
          ], 
          [
            "_remove", 
            [
              "REF", 
              398
            ]
          ], 
          [
            "data", 
            [
              "REF", 
              399
            ]
          ]
        ], 
        "396": [
          "SET"
        ], 
        "397": [
          "LIST"
        ], 
        "398": [
          "FUNCTION", 
          "_remove(item, selfref)", 
          null
        ], 
        "399": [
          "SET"
        ], 
        "400": [
          "INSTANCE", 
          "WeakSet", 
          [
            "_iterating", 
            [
              "REF", 
              401
            ]
          ], 
          [
            "_pending_removals", 
            [
              "REF", 
              402
            ]
          ], 
          [
            "_remove", 
            [
              "REF", 
              403
            ]
          ], 
          [
            "data", 
            [
              "REF", 
              404
            ]
          ]
        ], 
        "401": [
          "SET"
        ], 
        "402": [
          "LIST"
        ], 
        "403": [
          "FUNCTION", 
          "_remove(item, selfref)", 
          null
        ], 
        "404": [
          "SET"
        ], 
        "405": [
          "INSTANCE", 
          "WeakSet", 
          [
            "_iterating", 
            [
              "REF", 
              406
            ]
          ], 
          [
            "_pending_removals", 
            [
              "REF", 
              407
            ]
          ], 
          [
            "_remove", 
            [
              "REF", 
              408
            ]
          ], 
          [
            "data", 
            [
              "REF", 
              409
            ]
          ]
        ], 
        "406": [
          "SET"
        ], 
        "407": [
          "LIST"
        ], 
        "408": [
          "FUNCTION", 
          "_remove(item, selfref)", 
          null
        ], 
        "409": [
          "SET", 
          [
            "REF", 
            410
          ], 
          [
            "REF", 
            411
          ], 
          [
            "REF", 
            412
          ], 
          [
            "REF", 
            413
          ]
        ], 
        "410": [
          "weakref", 
          "<weakref at 0xADDR>"
        ], 
        "411": [
          "weakref", 
          "<weakref at 0xADDR>"
        ], 
        "412": [
          "weakref", 
          "<weakref at 0xADDR>"
        ], 
        "413": [
          "weakref", 
          "<weakref at 0xADDR>"
        ], 
        "414": [
          "FUNCTION", 
          "count(self, value)", 
          null
        ], 
        "415": [
          "FUNCTION", 
          "index(self, value)", 
          null
        ], 
        "416": [
          "INSTANCE", 
          "ABCMeta", 
          [
            "__abstractmethods__", 
            [
              "REF", 
              66
            ]
          ], 
          [
            "__contains__", 
            [
              "REF", 
              417
            ]
          ], 
          [
            "__iter__", 
            [
              "REF", 
              418
            ]
          ], 
          [
            "_abc_cache", 
            [
              "REF", 
              419
            ]
          ], 
          [
            "_abc_negative_cache", 
            [
              "REF", 
              424
            ]
          ], 
          [
            "_abc_negative_cache_version", 
            15
          ], 
          [
            "_abc_registry", 
            [
              "REF", 
              429
            ]
          ], 
          [
            "_from_iterable", 
            [
              "REF", 
              435
            ]
          ]
        ], 
        "417": [
          "FUNCTION", 
          "__contains__(self, item)", 
          null
        ], 
        "418": [
          "FUNCTION", 
          "__iter__(self)", 
          null
        ], 
        "419": [
          "INSTANCE", 
          "WeakSet", 
          [
            "_iterating", 
            [
              "REF", 
              420
            ]
          ], 
          [
            "_pending_removals", 
            [
              "REF", 
              421
            ]
          ], 
          [
            "_remove", 
            [
              "REF", 
              422
            ]
          ], 
          [
            "data", 
            [
              "REF", 
              423
            ]
          ]
        ], 
        "420": [
          "SET"
        ], 
        "421": [
          "LIST"
        ], 
        "422": [
          "FUNCTION", 
          "_remove(item, selfref)", 
          null
        ], 
        "423": [
          "SET"
        ], 
        "424": [
          "INSTANCE", 
          "WeakSet", 
          [
            "_iterating", 
            [
              "REF", 
              425
            ]
          ], 
          [
            "_pending_removals", 
            [
              "REF", 
              426
            ]
          ], 
          [
            "_remove", 
            [
              "REF", 
              427
            ]
          ], 
          [
            "data", 
            [
              "REF", 
              428
            ]
          ]
        ], 
        "425": [
          "SET"
        ], 
        "426": [
          "LIST"
        ], 
        "427": [
          "FUNCTION", 
          "_remove(item, selfref)", 
          null
        ], 
        "428": [
          "SET"
        ], 
        "429": [
          "INSTANCE", 
          "WeakSet", 
          [
            "_iterating", 
            [
              "REF", 
              430
            ]
          ], 
          [
            "_pending_removals", 
            [
              "REF", 
              431
            ]
          ], 
          [
            "_remove", 
            [
              "REF", 
              432
            ]
          ], 
          [
            "data", 
            [
              "REF", 
              433
            ]
          ]
        ], 
        "430": [
          "SET"
        ], 
        "431": [
          "LIST"
        ], 
        "432": [
          "FUNCTION", 
          "_remove(item, selfref)", 
          null
        ], 
        "433": [
          "SET", 
          [
            "REF", 
            434
          ]
        ], 
        "434": [
          "weakref", 
          "<weakref at 0xADDR>"
        ], 
        "435": [
          "classmethod", 
          "<classmethod object at 0xADDR>"
        ], 
        "436": [
          "INSTANCE", 
          "ABCMeta", 
          [
            "__abstractmethods__", 
            [
              "REF", 
              437
            ]
          ], 
          [
            "__iter__", 
            [
              "REF", 
              438
            ]
          ], 
          [
            "__metaclass__", 
            [
              "REF", 
              89
            ]
          ], 
          [
            "__subclasshook__", 
            [
              "REF", 
              439
            ]
          ], 
          [
            "_abc_cache", 
            [
              "REF", 
              440
            ]
          ], 
          [
            "_abc_negative_cache", 
            [
              "REF", 
              445
            ]
          ], 
          [
            "_abc_negative_cache_version", 
            13
          ], 
          [
            "_abc_registry", 
            [
              "REF", 
              450
            ]
          ]
        ], 
        "437": [
          "frozenset", 
          "frozenset(['__iter__'])"
        ], 
        "438": [
          "FUNCTION", 
          "__iter__(self)", 
          null
        ], 
        "439": [
          "classmethod", 
          "<classmethod object at 0xADDR>"
        ], 
        "440": [
          "INSTANCE", 
          "WeakSet", 
          [
            "_iterating", 
            [
              "REF", 
              441
            ]
          ], 
          [
            "_pending_removals", 
            [
              "REF", 
              442
            ]
          ], 
          [
            "_remove", 
            [
              "REF", 
              443
            ]
          ], 
          [
            "data", 
            [
              "REF", 
              444
            ]
          ]
        ], 
        "441": [
          "SET"
        ], 
        "442": [
          "LIST"
        ], 
        "443": [
          "FUNCTION", 
          "_remove(item, selfref)", 
          null
        ], 
        "444": [
          "SET"
        ], 
        "445": [
          "INSTANCE", 
          "WeakSet", 
          [
            "_iterating", 
            [
              "REF", 
              446
            ]
          ], 
          [
            "_pending_removals", 
            [
              "REF", 
              447
            ]
          ], 
          [
            "_remove", 
            [
              "REF", 
              448
            ]
          ], 
          [
            "data", 
            [
              "REF", 
              449
            ]
          ]
        ], 
        "446": [
          "SET"
        ], 
        "447": [
          "LIST"
        ], 
        "448": [
          "FUNCTION", 
          "_remove(item, selfref)", 
          null
        ], 
        "449": [
          "SET"
        ], 
        "450": [
          "INSTANCE", 
          "WeakSet", 
          [
            "_iterating", 
            [
              "REF", 
              451
            ]
          ], 
          [
            "_pending_removals", 
            [
              "REF", 
              452
            ]
          ], 
          [
            "_remove", 
            [
              "REF", 
              453
            ]
          ], 
          [
            "data", 
            [
              "REF", 
              454
            ]
          ]
        ], 
        "451": [
          "SET"
        ], 
        "452": [
          "LIST"
        ], 
        "453": [
          "FUNCTION", 
          "_remove(item, selfref)", 
          null
        ], 
        "454": [
          "SET", 
          [
            "REF", 
            455
          ]
        ], 
        "455": [
          "weakref", 
          "<weakref at 0xADDR>"
        ]
      }, 
      "line": 1, 
      "event": "return"
    }
  ]
}
