other exception -- EEEEEEEE!!!
undefined local variable or method `y' for main:Object
{
  "code": "# how does lexical scoping work for blocks?\n\nx = 5\n\ndef gimme\n  y = 10\n  yield\n  puts \"You're welcome.\"\nend\n\ngimme do\n  puts x\n  x += 100 # can modify x in enclosing scope\n  puts x\n  puts y # can't find y since this is lexically scoped\nend\n",
  "trace": [
    {
      "func_name": "<toplevel>",
      "line": 3,
      "event": "step_line",
      "stdout": "",
      "stack_to_render": [
        {
          "is_highlighted": true,
          "func_name": "<main>:3",
          "frame_id": 1,
          "unique_hash": "<main>:3_f1",
          "is_parent": false,
          "is_zombie": false,
          "parent_frame_id_list": [

          ],
          "ordered_varnames": [
            "x"
          ],
          "encoded_locals": {
            "x": "nil"
          }
        }
      ],
      "heap": {
      },
      "globals": {
      },
      "ordered_globals": [

      ]
    },
    {
      "func_name": "<toplevel>",
      "line": 5,
      "event": "step_line",
      "stdout": "",
      "stack_to_render": [
        {
          "is_highlighted": true,
          "func_name": "<main>:5",
          "frame_id": 1,
          "unique_hash": "<main>:5_f1",
          "is_parent": false,
          "is_zombie": false,
          "parent_frame_id_list": [

          ],
          "ordered_varnames": [
            "x"
          ],
          "encoded_locals": {
            "x": "5"
          }
        }
      ],
      "heap": {
      },
      "globals": {
      },
      "ordered_globals": [

      ]
    },
    {
      "func_name": "<toplevel>",
      "line": 11,
      "event": "step_line",
      "stdout": "",
      "stack_to_render": [
        {
          "is_highlighted": true,
          "func_name": "<main>:11",
          "frame_id": 1,
          "unique_hash": "<main>:11_f1",
          "is_parent": false,
          "is_zombie": false,
          "parent_frame_id_list": [

          ],
          "ordered_varnames": [
            "x"
          ],
          "encoded_locals": {
            "x": "5"
          }
        }
      ],
      "heap": {
      },
      "globals": {
        "gimme": "#<Method: Class(Object)#gimme>"
      },
      "ordered_globals": [
        "gimme"
      ]
    },
    {
      "func_name": "<toplevel>",
      "line": 5,
      "event": "call",
      "stdout": "",
      "stack_to_render": [
        {
          "is_highlighted": false,
          "func_name": "<main>:11",
          "frame_id": 1,
          "unique_hash": "<main>:11_f1",
          "is_parent": false,
          "is_zombie": false,
          "parent_frame_id_list": [

          ],
          "ordered_varnames": [
            "x"
          ],
          "encoded_locals": {
            "x": "5"
          }
        },
        {
          "is_highlighted": true,
          "func_name": "gimme:5",
          "frame_id": 2,
          "unique_hash": "gimme:5_f2",
          "is_parent": false,
          "is_zombie": false,
          "parent_frame_id_list": [

          ],
          "ordered_varnames": [
            "y"
          ],
          "encoded_locals": {
            "y": "nil"
          }
        }
      ],
      "heap": {
      },
      "globals": {
        "gimme": "#<Method: Class(Object)#gimme>"
      },
      "ordered_globals": [
        "gimme"
      ]
    },
    {
      "func_name": "<toplevel>",
      "line": 6,
      "event": "step_line",
      "stdout": "",
      "stack_to_render": [
        {
          "is_highlighted": false,
          "func_name": "<main>:11",
          "frame_id": 1,
          "unique_hash": "<main>:11_f1",
          "is_parent": false,
          "is_zombie": false,
          "parent_frame_id_list": [

          ],
          "ordered_varnames": [
            "x"
          ],
          "encoded_locals": {
            "x": "5"
          }
        },
        {
          "is_highlighted": true,
          "func_name": "gimme:6",
          "frame_id": 2,
          "unique_hash": "gimme:6_f2",
          "is_parent": false,
          "is_zombie": false,
          "parent_frame_id_list": [

          ],
          "ordered_varnames": [
            "y"
          ],
          "encoded_locals": {
            "y": "nil"
          }
        }
      ],
      "heap": {
      },
      "globals": {
        "gimme": "#<Method: Class(Object)#gimme>"
      },
      "ordered_globals": [
        "gimme"
      ]
    },
    {
      "func_name": "<toplevel>",
      "line": 7,
      "event": "step_line",
      "stdout": "",
      "stack_to_render": [
        {
          "is_highlighted": false,
          "func_name": "<main>:11",
          "frame_id": 1,
          "unique_hash": "<main>:11_f1",
          "is_parent": false,
          "is_zombie": false,
          "parent_frame_id_list": [

          ],
          "ordered_varnames": [
            "x"
          ],
          "encoded_locals": {
            "x": "5"
          }
        },
        {
          "is_highlighted": true,
          "func_name": "gimme:7",
          "frame_id": 2,
          "unique_hash": "gimme:7_f2",
          "is_parent": false,
          "is_zombie": false,
          "parent_frame_id_list": [

          ],
          "ordered_varnames": [
            "y"
          ],
          "encoded_locals": {
            "y": "10"
          }
        }
      ],
      "heap": {
      },
      "globals": {
        "gimme": "#<Method: Class(Object)#gimme>"
      },
      "ordered_globals": [
        "gimme"
      ]
    },
    {
      "func_name": "<toplevel>",
      "line": 11,
      "event": "call",
      "stdout": "",
      "stack_to_render": [
        {
          "is_highlighted": false,
          "func_name": "<main>:11",
          "frame_id": 1,
          "unique_hash": "<main>:11_f1",
          "is_parent": false,
          "is_zombie": false,
          "parent_frame_id_list": [

          ],
          "ordered_varnames": [
            "x"
          ],
          "encoded_locals": {
            "x": "5"
          }
        },
        {
          "is_highlighted": false,
          "func_name": "gimme:7",
          "frame_id": 2,
          "unique_hash": "gimme:7_f2",
          "is_parent": false,
          "is_zombie": false,
          "parent_frame_id_list": [

          ],
          "ordered_varnames": [
            "y"
          ],
          "encoded_locals": {
            "y": "10"
          }
        },
        {
          "is_highlighted": true,
          "func_name": "block in <main>:11",
          "frame_id": 3,
          "unique_hash": "block in <main>:11_f3",
          "is_parent": false,
          "is_zombie": false,
          "parent_frame_id_list": [

          ],
          "ordered_varnames": [

          ],
          "encoded_locals": {
          }
        }
      ],
      "heap": {
      },
      "globals": {
        "gimme": "#<Method: Class(Object)#gimme>"
      },
      "ordered_globals": [
        "gimme"
      ]
    },
    {
      "func_name": "<toplevel>",
      "line": 12,
      "event": "step_line",
      "stdout": "",
      "stack_to_render": [
        {
          "is_highlighted": false,
          "func_name": "<main>:11",
          "frame_id": 1,
          "unique_hash": "<main>:11_f1",
          "is_parent": false,
          "is_zombie": false,
          "parent_frame_id_list": [

          ],
          "ordered_varnames": [
            "x"
          ],
          "encoded_locals": {
            "x": "5"
          }
        },
        {
          "is_highlighted": false,
          "func_name": "gimme:7",
          "frame_id": 2,
          "unique_hash": "gimme:7_f2",
          "is_parent": false,
          "is_zombie": false,
          "parent_frame_id_list": [

          ],
          "ordered_varnames": [
            "y"
          ],
          "encoded_locals": {
            "y": "10"
          }
        },
        {
          "is_highlighted": true,
          "func_name": "block in <main>:12",
          "frame_id": 3,
          "unique_hash": "block in <main>:12_f3",
          "is_parent": false,
          "is_zombie": false,
          "parent_frame_id_list": [

          ],
          "ordered_varnames": [

          ],
          "encoded_locals": {
          }
        }
      ],
      "heap": {
      },
      "globals": {
        "gimme": "#<Method: Class(Object)#gimme>"
      },
      "ordered_globals": [
        "gimme"
      ]
    },
    {
      "func_name": "<toplevel>",
      "line": 13,
      "event": "step_line",
      "stdout": "5\n",
      "stack_to_render": [
        {
          "is_highlighted": false,
          "func_name": "<main>:11",
          "frame_id": 1,
          "unique_hash": "<main>:11_f1",
          "is_parent": false,
          "is_zombie": false,
          "parent_frame_id_list": [

          ],
          "ordered_varnames": [
            "x"
          ],
          "encoded_locals": {
            "x": "5"
          }
        },
        {
          "is_highlighted": false,
          "func_name": "gimme:7",
          "frame_id": 2,
          "unique_hash": "gimme:7_f2",
          "is_parent": false,
          "is_zombie": false,
          "parent_frame_id_list": [

          ],
          "ordered_varnames": [
            "y"
          ],
          "encoded_locals": {
            "y": "10"
          }
        },
        {
          "is_highlighted": true,
          "func_name": "block in <main>:13",
          "frame_id": 3,
          "unique_hash": "block in <main>:13_f3",
          "is_parent": false,
          "is_zombie": false,
          "parent_frame_id_list": [

          ],
          "ordered_varnames": [

          ],
          "encoded_locals": {
          }
        }
      ],
      "heap": {
      },
      "globals": {
        "gimme": "#<Method: Class(Object)#gimme>"
      },
      "ordered_globals": [
        "gimme"
      ]
    },
    {
      "func_name": "<toplevel>",
      "line": 14,
      "event": "step_line",
      "stdout": "5\n",
      "stack_to_render": [
        {
          "is_highlighted": false,
          "func_name": "<main>:11",
          "frame_id": 1,
          "unique_hash": "<main>:11_f1",
          "is_parent": false,
          "is_zombie": false,
          "parent_frame_id_list": [

          ],
          "ordered_varnames": [
            "x"
          ],
          "encoded_locals": {
            "x": "105"
          }
        },
        {
          "is_highlighted": false,
          "func_name": "gimme:7",
          "frame_id": 2,
          "unique_hash": "gimme:7_f2",
          "is_parent": false,
          "is_zombie": false,
          "parent_frame_id_list": [

          ],
          "ordered_varnames": [
            "y"
          ],
          "encoded_locals": {
            "y": "10"
          }
        },
        {
          "is_highlighted": true,
          "func_name": "block in <main>:14",
          "frame_id": 3,
          "unique_hash": "block in <main>:14_f3",
          "is_parent": false,
          "is_zombie": false,
          "parent_frame_id_list": [

          ],
          "ordered_varnames": [

          ],
          "encoded_locals": {
          }
        }
      ],
      "heap": {
      },
      "globals": {
        "gimme": "#<Method: Class(Object)#gimme>"
      },
      "ordered_globals": [
        "gimme"
      ]
    },
    {
      "func_name": "<toplevel>",
      "line": 15,
      "event": "step_line",
      "stdout": "5\n105\n",
      "stack_to_render": [
        {
          "is_highlighted": false,
          "func_name": "<main>:11",
          "frame_id": 1,
          "unique_hash": "<main>:11_f1",
          "is_parent": false,
          "is_zombie": false,
          "parent_frame_id_list": [

          ],
          "ordered_varnames": [
            "x"
          ],
          "encoded_locals": {
            "x": "105"
          }
        },
        {
          "is_highlighted": false,
          "func_name": "gimme:7",
          "frame_id": 2,
          "unique_hash": "gimme:7_f2",
          "is_parent": false,
          "is_zombie": false,
          "parent_frame_id_list": [

          ],
          "ordered_varnames": [
            "y"
          ],
          "encoded_locals": {
            "y": "10"
          }
        },
        {
          "is_highlighted": true,
          "func_name": "block in <main>:15",
          "frame_id": 3,
          "unique_hash": "block in <main>:15_f3",
          "is_parent": false,
          "is_zombie": false,
          "parent_frame_id_list": [

          ],
          "ordered_varnames": [

          ],
          "encoded_locals": {
          }
        }
      ],
      "heap": {
      },
      "globals": {
        "gimme": "#<Method: Class(Object)#gimme>"
      },
      "ordered_globals": [
        "gimme"
      ]
    },
    {
      "func_name": "<toplevel>",
      "line": 15,
      "event": "exception",
      "stdout": "5\n105\n",
      "stack_to_render": [
        {
          "is_highlighted": false,
          "func_name": "<main>:11",
          "frame_id": 1,
          "unique_hash": "<main>:11_f1",
          "is_parent": false,
          "is_zombie": false,
          "parent_frame_id_list": [

          ],
          "ordered_varnames": [
            "x"
          ],
          "encoded_locals": {
            "x": "105"
          }
        },
        {
          "is_highlighted": false,
          "func_name": "gimme:7",
          "frame_id": 2,
          "unique_hash": "gimme:7_f2",
          "is_parent": false,
          "is_zombie": false,
          "parent_frame_id_list": [

          ],
          "ordered_varnames": [
            "y"
          ],
          "encoded_locals": {
            "y": "10"
          }
        },
        {
          "is_highlighted": true,
          "func_name": "block in <main>:15",
          "frame_id": 3,
          "unique_hash": "block in <main>:15_f3",
          "is_parent": false,
          "is_zombie": false,
          "parent_frame_id_list": [

          ],
          "ordered_varnames": [

          ],
          "encoded_locals": {
          }
        }
      ],
      "heap": {
      },
      "globals": {
        "gimme": "#<Method: Class(Object)#gimme>"
      },
      "ordered_globals": [
        "gimme"
      ],
      "exception_msg": "#<NameError: undefined local variable or method `y' for main:Object>"
    },
    {
      "func_name": "<toplevel>",
      "line": 15,
      "event": "return",
      "stdout": "5\n105\n",
      "stack_to_render": [
        {
          "is_highlighted": false,
          "func_name": "<main>:11",
          "frame_id": 1,
          "unique_hash": "<main>:11_f1",
          "is_parent": false,
          "is_zombie": false,
          "parent_frame_id_list": [

          ],
          "ordered_varnames": [
            "x"
          ],
          "encoded_locals": {
            "x": "105"
          }
        },
        {
          "is_highlighted": false,
          "func_name": "gimme:7",
          "frame_id": 2,
          "unique_hash": "gimme:7_f2",
          "is_parent": false,
          "is_zombie": false,
          "parent_frame_id_list": [

          ],
          "ordered_varnames": [
            "y"
          ],
          "encoded_locals": {
            "y": "10"
          }
        },
        {
          "is_highlighted": true,
          "func_name": "block in <main>:15",
          "frame_id": 3,
          "unique_hash": "block in <main>:15_f3",
          "is_parent": false,
          "is_zombie": false,
          "parent_frame_id_list": [

          ],
          "ordered_varnames": [
            "__return__"
          ],
          "encoded_locals": {
            "__return__": "nil"
          }
        }
      ],
      "heap": {
      },
      "globals": {
        "gimme": "#<Method: Class(Object)#gimme>"
      },
      "ordered_globals": [
        "gimme"
      ]
    },
    {
      "func_name": "<toplevel>",
      "line": 6,
      "event": "return",
      "stdout": "5\n105\n",
      "stack_to_render": [
        {
          "is_highlighted": false,
          "func_name": "<main>:11",
          "frame_id": 1,
          "unique_hash": "<main>:11_f1",
          "is_parent": false,
          "is_zombie": false,
          "parent_frame_id_list": [

          ],
          "ordered_varnames": [
            "x"
          ],
          "encoded_locals": {
            "x": "105"
          }
        },
        {
          "is_highlighted": true,
          "func_name": "gimme:7",
          "frame_id": 2,
          "unique_hash": "gimme:7_f2",
          "is_parent": false,
          "is_zombie": false,
          "parent_frame_id_list": [

          ],
          "ordered_varnames": [
            "y",
            "__return__"
          ],
          "encoded_locals": {
            "y": "10",
            "__return__": "nil"
          }
        }
      ],
      "heap": {
      },
      "globals": {
        "gimme": "#<Method: Class(Object)#gimme>"
      },
      "ordered_globals": [
        "gimme"
      ]
    }
  ]
}
