{
  "code": "$globalX = 'I am a global!'\n$globalX << '---'\n$globalX << 'yeah'\nputs $globalX\n\nCONSTANT_X = 'I am a constant!'\nCONSTANT_X << '---'\nCONSTANT_X << 'yeah'\nputs CONSTANT_X\n",
  "trace": [
    {
      "func_name": "<toplevel>",
      "line": 1,
      "event": "step_line",
      "stdout": "",
      "stack_to_render": [
        {
          "is_highlighted": true,
          "func_name": "<main>:1",
          "frame_id": 1,
          "unique_hash": "<main>:1_f1",
          "is_parent": false,
          "is_zombie": false,
          "parent_frame_id_list": [

          ],
          "ordered_varnames": [

          ],
          "encoded_locals": {
          }
        }
      ],
      "heap": {
      },
      "globals": {
        "$globalX": null
      },
      "ordered_globals": [
        "$globalX"
      ]
    },
    {
      "func_name": "<toplevel>",
      "line": 2,
      "event": "step_line",
      "stdout": "",
      "stack_to_render": [
        {
          "is_highlighted": true,
          "func_name": "<main>:2",
          "frame_id": 1,
          "unique_hash": "<main>:2_f1",
          "is_parent": false,
          "is_zombie": false,
          "parent_frame_id_list": [

          ],
          "ordered_varnames": [

          ],
          "encoded_locals": {
          }
        }
      ],
      "heap": {
      },
      "globals": {
        "$globalX": "I am a global!"
      },
      "ordered_globals": [
        "$globalX"
      ]
    },
    {
      "func_name": "<toplevel>",
      "line": 3,
      "event": "step_line",
      "stdout": "",
      "stack_to_render": [
        {
          "is_highlighted": true,
          "func_name": "<main>:3",
          "frame_id": 1,
          "unique_hash": "<main>:3_f1",
          "is_parent": false,
          "is_zombie": false,
          "parent_frame_id_list": [

          ],
          "ordered_varnames": [

          ],
          "encoded_locals": {
          }
        }
      ],
      "heap": {
      },
      "globals": {
        "$globalX": "I am a global!---"
      },
      "ordered_globals": [
        "$globalX"
      ]
    },
    {
      "func_name": "<toplevel>",
      "line": 4,
      "event": "step_line",
      "stdout": "",
      "stack_to_render": [
        {
          "is_highlighted": true,
          "func_name": "<main>:4",
          "frame_id": 1,
          "unique_hash": "<main>:4_f1",
          "is_parent": false,
          "is_zombie": false,
          "parent_frame_id_list": [

          ],
          "ordered_varnames": [

          ],
          "encoded_locals": {
          }
        }
      ],
      "heap": {
      },
      "globals": {
        "$globalX": "I am a global!---yeah"
      },
      "ordered_globals": [
        "$globalX"
      ]
    },
    {
      "func_name": "<toplevel>",
      "line": 6,
      "event": "step_line",
      "stdout": "I am a global!---yeah\n",
      "stack_to_render": [
        {
          "is_highlighted": true,
          "func_name": "<main>:6",
          "frame_id": 1,
          "unique_hash": "<main>:6_f1",
          "is_parent": false,
          "is_zombie": false,
          "parent_frame_id_list": [

          ],
          "ordered_varnames": [

          ],
          "encoded_locals": {
          }
        }
      ],
      "heap": {
      },
      "globals": {
        "$globalX": "I am a global!---yeah"
      },
      "ordered_globals": [
        "$globalX"
      ]
    },
    {
      "func_name": "<toplevel>",
      "line": 7,
      "event": "step_line",
      "stdout": "I am a global!---yeah\n",
      "stack_to_render": [
        {
          "is_highlighted": true,
          "func_name": "<main>:7",
          "frame_id": 1,
          "unique_hash": "<main>:7_f1",
          "is_parent": false,
          "is_zombie": false,
          "parent_frame_id_list": [

          ],
          "ordered_varnames": [

          ],
          "encoded_locals": {
          }
        }
      ],
      "heap": {
      },
      "globals": {
        "$globalX": "I am a global!---yeah",
        "CONSTANT_X": "I am a constant!"
      },
      "ordered_globals": [
        "$globalX",
        "CONSTANT_X"
      ]
    },
    {
      "func_name": "<toplevel>",
      "line": 8,
      "event": "step_line",
      "stdout": "I am a global!---yeah\n",
      "stack_to_render": [
        {
          "is_highlighted": true,
          "func_name": "<main>:8",
          "frame_id": 1,
          "unique_hash": "<main>:8_f1",
          "is_parent": false,
          "is_zombie": false,
          "parent_frame_id_list": [

          ],
          "ordered_varnames": [

          ],
          "encoded_locals": {
          }
        }
      ],
      "heap": {
      },
      "globals": {
        "$globalX": "I am a global!---yeah",
        "CONSTANT_X": "I am a constant!---"
      },
      "ordered_globals": [
        "$globalX",
        "CONSTANT_X"
      ]
    },
    {
      "func_name": "<toplevel>",
      "line": 9,
      "event": "step_line",
      "stdout": "I am a global!---yeah\n",
      "stack_to_render": [
        {
          "is_highlighted": true,
          "func_name": "<main>:9",
          "frame_id": 1,
          "unique_hash": "<main>:9_f1",
          "is_parent": false,
          "is_zombie": false,
          "parent_frame_id_list": [

          ],
          "ordered_varnames": [

          ],
          "encoded_locals": {
          }
        }
      ],
      "heap": {
      },
      "globals": {
        "$globalX": "I am a global!---yeah",
        "CONSTANT_X": "I am a constant!---yeah"
      },
      "ordered_globals": [
        "$globalX",
        "CONSTANT_X"
      ]
    },
    {
      "func_name": "<toplevel>",
      "line": 9,
      "event": "step_line",
      "stdout": "I am a global!---yeah\nI am a constant!---yeah\n",
      "stack_to_render": [
        {
          "is_highlighted": true,
          "func_name": "<main>:10",
          "frame_id": 1,
          "unique_hash": "<main>:10_f1",
          "is_parent": false,
          "is_zombie": false,
          "parent_frame_id_list": [

          ],
          "ordered_varnames": [

          ],
          "encoded_locals": {
          }
        }
      ],
      "heap": {
      },
      "globals": {
        "$globalX": "I am a global!---yeah",
        "CONSTANT_X": "I am a constant!---yeah"
      },
      "ordered_globals": [
        "$globalX",
        "CONSTANT_X"
      ]
    }
  ]
}
