{
  "code": "# Adapted from Learning Ruby by Michael Fitzgerald, O'Reilly\n\ndef greet\n  puts \"Hello!\"\nend\n\nalias greet2 greet\n\ngreet\ngreet2\nputs greet.object_id # odd ... actually runs the method before calling object_id\nputs greet2.object_id\n",
  "trace": [
    {
      "func_name": "<toplevel>",
      "line": 3,
      "event": "step_line",
      "stdout": "",
      "stack_to_render": [
        {
          "is_highlighted": true,
          "func_name": "<main>:3",
          "frame_id": 1,
          "unique_hash": "<main>:3_f1",
          "is_parent": false,
          "is_zombie": false,
          "parent_frame_id_list": [

          ],
          "ordered_varnames": [

          ],
          "encoded_locals": {
          }
        }
      ],
      "heap": {
      },
      "globals": {
      },
      "ordered_globals": [

      ]
    },
    {
      "func_name": "<toplevel>",
      "line": 7,
      "event": "step_line",
      "stdout": "",
      "stack_to_render": [
        {
          "is_highlighted": true,
          "func_name": "<main>:7",
          "frame_id": 1,
          "unique_hash": "<main>:7_f1",
          "is_parent": false,
          "is_zombie": false,
          "parent_frame_id_list": [

          ],
          "ordered_varnames": [

          ],
          "encoded_locals": {
          }
        }
      ],
      "heap": {
      },
      "globals": {
        "greet": "#<Method: Class(Object)#greet>"
      },
      "ordered_globals": [
        "greet"
      ]
    },
    {
      "func_name": "<toplevel>",
      "line": 9,
      "event": "step_line",
      "stdout": "",
      "stack_to_render": [
        {
          "is_highlighted": true,
          "func_name": "<main>:9",
          "frame_id": 1,
          "unique_hash": "<main>:9_f1",
          "is_parent": false,
          "is_zombie": false,
          "parent_frame_id_list": [

          ],
          "ordered_varnames": [

          ],
          "encoded_locals": {
          }
        }
      ],
      "heap": {
      },
      "globals": {
        "greet": "#<Method: Class(Object)#greet>",
        "greet2": "#<Method: Class(Object)#greet2(greet)>"
      },
      "ordered_globals": [
        "greet",
        "greet2"
      ]
    },
    {
      "func_name": "<toplevel>",
      "line": 3,
      "event": "call",
      "stdout": "",
      "stack_to_render": [
        {
          "is_highlighted": false,
          "func_name": "<main>:9",
          "frame_id": 1,
          "unique_hash": "<main>:9_f1",
          "is_parent": false,
          "is_zombie": false,
          "parent_frame_id_list": [

          ],
          "ordered_varnames": [

          ],
          "encoded_locals": {
          }
        },
        {
          "is_highlighted": true,
          "func_name": "greet:3",
          "frame_id": 2,
          "unique_hash": "greet:3_f2",
          "is_parent": false,
          "is_zombie": false,
          "parent_frame_id_list": [

          ],
          "ordered_varnames": [

          ],
          "encoded_locals": {
          }
        }
      ],
      "heap": {
      },
      "globals": {
        "greet": "#<Method: Class(Object)#greet>",
        "greet2": "#<Method: Class(Object)#greet2(greet)>"
      },
      "ordered_globals": [
        "greet",
        "greet2"
      ]
    },
    {
      "func_name": "<toplevel>",
      "line": 4,
      "event": "step_line",
      "stdout": "",
      "stack_to_render": [
        {
          "is_highlighted": false,
          "func_name": "<main>:9",
          "frame_id": 1,
          "unique_hash": "<main>:9_f1",
          "is_parent": false,
          "is_zombie": false,
          "parent_frame_id_list": [

          ],
          "ordered_varnames": [

          ],
          "encoded_locals": {
          }
        },
        {
          "is_highlighted": true,
          "func_name": "greet:4",
          "frame_id": 2,
          "unique_hash": "greet:4_f2",
          "is_parent": false,
          "is_zombie": false,
          "parent_frame_id_list": [

          ],
          "ordered_varnames": [

          ],
          "encoded_locals": {
          }
        }
      ],
      "heap": {
      },
      "globals": {
        "greet": "#<Method: Class(Object)#greet>",
        "greet2": "#<Method: Class(Object)#greet2(greet)>"
      },
      "ordered_globals": [
        "greet",
        "greet2"
      ]
    },
    {
      "func_name": "<toplevel>",
      "line": 5,
      "event": "return",
      "stdout": "Hello!\n",
      "stack_to_render": [
        {
          "is_highlighted": false,
          "func_name": "<main>:9",
          "frame_id": 1,
          "unique_hash": "<main>:9_f1",
          "is_parent": false,
          "is_zombie": false,
          "parent_frame_id_list": [

          ],
          "ordered_varnames": [

          ],
          "encoded_locals": {
          }
        },
        {
          "is_highlighted": true,
          "func_name": "greet:5",
          "frame_id": 2,
          "unique_hash": "greet:5_f2",
          "is_parent": false,
          "is_zombie": false,
          "parent_frame_id_list": [

          ],
          "ordered_varnames": [
            "__return__"
          ],
          "encoded_locals": {
            "__return__": "nil"
          }
        }
      ],
      "heap": {
      },
      "globals": {
        "greet": "#<Method: Class(Object)#greet>",
        "greet2": "#<Method: Class(Object)#greet2(greet)>"
      },
      "ordered_globals": [
        "greet",
        "greet2"
      ]
    },
    {
      "func_name": "<toplevel>",
      "line": 10,
      "event": "step_line",
      "stdout": "Hello!\n",
      "stack_to_render": [
        {
          "is_highlighted": true,
          "func_name": "<main>:10",
          "frame_id": 1,
          "unique_hash": "<main>:10_f1",
          "is_parent": false,
          "is_zombie": false,
          "parent_frame_id_list": [

          ],
          "ordered_varnames": [

          ],
          "encoded_locals": {
          }
        }
      ],
      "heap": {
      },
      "globals": {
        "greet": "#<Method: Class(Object)#greet>",
        "greet2": "#<Method: Class(Object)#greet2(greet)>"
      },
      "ordered_globals": [
        "greet",
        "greet2"
      ]
    },
    {
      "func_name": "<toplevel>",
      "line": 3,
      "event": "call",
      "stdout": "Hello!\n",
      "stack_to_render": [
        {
          "is_highlighted": false,
          "func_name": "<main>:10",
          "frame_id": 1,
          "unique_hash": "<main>:10_f1",
          "is_parent": false,
          "is_zombie": false,
          "parent_frame_id_list": [

          ],
          "ordered_varnames": [

          ],
          "encoded_locals": {
          }
        },
        {
          "is_highlighted": true,
          "func_name": "greet:3",
          "frame_id": 2,
          "unique_hash": "greet:3_f2",
          "is_parent": false,
          "is_zombie": false,
          "parent_frame_id_list": [

          ],
          "ordered_varnames": [

          ],
          "encoded_locals": {
          }
        }
      ],
      "heap": {
      },
      "globals": {
        "greet": "#<Method: Class(Object)#greet>",
        "greet2": "#<Method: Class(Object)#greet2(greet)>"
      },
      "ordered_globals": [
        "greet",
        "greet2"
      ]
    },
    {
      "func_name": "<toplevel>",
      "line": 4,
      "event": "step_line",
      "stdout": "Hello!\n",
      "stack_to_render": [
        {
          "is_highlighted": false,
          "func_name": "<main>:10",
          "frame_id": 1,
          "unique_hash": "<main>:10_f1",
          "is_parent": false,
          "is_zombie": false,
          "parent_frame_id_list": [

          ],
          "ordered_varnames": [

          ],
          "encoded_locals": {
          }
        },
        {
          "is_highlighted": true,
          "func_name": "greet:4",
          "frame_id": 2,
          "unique_hash": "greet:4_f2",
          "is_parent": false,
          "is_zombie": false,
          "parent_frame_id_list": [

          ],
          "ordered_varnames": [

          ],
          "encoded_locals": {
          }
        }
      ],
      "heap": {
      },
      "globals": {
        "greet": "#<Method: Class(Object)#greet>",
        "greet2": "#<Method: Class(Object)#greet2(greet)>"
      },
      "ordered_globals": [
        "greet",
        "greet2"
      ]
    },
    {
      "func_name": "<toplevel>",
      "line": 5,
      "event": "return",
      "stdout": "Hello!\nHello!\n",
      "stack_to_render": [
        {
          "is_highlighted": false,
          "func_name": "<main>:10",
          "frame_id": 1,
          "unique_hash": "<main>:10_f1",
          "is_parent": false,
          "is_zombie": false,
          "parent_frame_id_list": [

          ],
          "ordered_varnames": [

          ],
          "encoded_locals": {
          }
        },
        {
          "is_highlighted": true,
          "func_name": "greet:5",
          "frame_id": 2,
          "unique_hash": "greet:5_f2",
          "is_parent": false,
          "is_zombie": false,
          "parent_frame_id_list": [

          ],
          "ordered_varnames": [
            "__return__"
          ],
          "encoded_locals": {
            "__return__": "nil"
          }
        }
      ],
      "heap": {
      },
      "globals": {
        "greet": "#<Method: Class(Object)#greet>",
        "greet2": "#<Method: Class(Object)#greet2(greet)>"
      },
      "ordered_globals": [
        "greet",
        "greet2"
      ]
    },
    {
      "func_name": "<toplevel>",
      "line": 11,
      "event": "step_line",
      "stdout": "Hello!\nHello!\n",
      "stack_to_render": [
        {
          "is_highlighted": true,
          "func_name": "<main>:11",
          "frame_id": 1,
          "unique_hash": "<main>:11_f1",
          "is_parent": false,
          "is_zombie": false,
          "parent_frame_id_list": [

          ],
          "ordered_varnames": [

          ],
          "encoded_locals": {
          }
        }
      ],
      "heap": {
      },
      "globals": {
        "greet": "#<Method: Class(Object)#greet>",
        "greet2": "#<Method: Class(Object)#greet2(greet)>"
      },
      "ordered_globals": [
        "greet",
        "greet2"
      ]
    },
    {
      "func_name": "<toplevel>",
      "line": 3,
      "event": "call",
      "stdout": "Hello!\nHello!\n",
      "stack_to_render": [
        {
          "is_highlighted": false,
          "func_name": "<main>:11",
          "frame_id": 1,
          "unique_hash": "<main>:11_f1",
          "is_parent": false,
          "is_zombie": false,
          "parent_frame_id_list": [

          ],
          "ordered_varnames": [

          ],
          "encoded_locals": {
          }
        },
        {
          "is_highlighted": true,
          "func_name": "greet:3",
          "frame_id": 2,
          "unique_hash": "greet:3_f2",
          "is_parent": false,
          "is_zombie": false,
          "parent_frame_id_list": [

          ],
          "ordered_varnames": [

          ],
          "encoded_locals": {
          }
        }
      ],
      "heap": {
      },
      "globals": {
        "greet": "#<Method: Class(Object)#greet>",
        "greet2": "#<Method: Class(Object)#greet2(greet)>"
      },
      "ordered_globals": [
        "greet",
        "greet2"
      ]
    },
    {
      "func_name": "<toplevel>",
      "line": 4,
      "event": "step_line",
      "stdout": "Hello!\nHello!\n",
      "stack_to_render": [
        {
          "is_highlighted": false,
          "func_name": "<main>:11",
          "frame_id": 1,
          "unique_hash": "<main>:11_f1",
          "is_parent": false,
          "is_zombie": false,
          "parent_frame_id_list": [

          ],
          "ordered_varnames": [

          ],
          "encoded_locals": {
          }
        },
        {
          "is_highlighted": true,
          "func_name": "greet:4",
          "frame_id": 2,
          "unique_hash": "greet:4_f2",
          "is_parent": false,
          "is_zombie": false,
          "parent_frame_id_list": [

          ],
          "ordered_varnames": [

          ],
          "encoded_locals": {
          }
        }
      ],
      "heap": {
      },
      "globals": {
        "greet": "#<Method: Class(Object)#greet>",
        "greet2": "#<Method: Class(Object)#greet2(greet)>"
      },
      "ordered_globals": [
        "greet",
        "greet2"
      ]
    },
    {
      "func_name": "<toplevel>",
      "line": 5,
      "event": "return",
      "stdout": "Hello!\nHello!\nHello!\n",
      "stack_to_render": [
        {
          "is_highlighted": false,
          "func_name": "<main>:11",
          "frame_id": 1,
          "unique_hash": "<main>:11_f1",
          "is_parent": false,
          "is_zombie": false,
          "parent_frame_id_list": [

          ],
          "ordered_varnames": [

          ],
          "encoded_locals": {
          }
        },
        {
          "is_highlighted": true,
          "func_name": "greet:5",
          "frame_id": 2,
          "unique_hash": "greet:5_f2",
          "is_parent": false,
          "is_zombie": false,
          "parent_frame_id_list": [

          ],
          "ordered_varnames": [
            "__return__"
          ],
          "encoded_locals": {
            "__return__": "nil"
          }
        }
      ],
      "heap": {
      },
      "globals": {
        "greet": "#<Method: Class(Object)#greet>",
        "greet2": "#<Method: Class(Object)#greet2(greet)>"
      },
      "ordered_globals": [
        "greet",
        "greet2"
      ]
    },
    {
      "func_name": "<toplevel>",
      "line": 12,
      "event": "step_line",
      "stdout": "Hello!\nHello!\nHello!\n8\n",
      "stack_to_render": [
        {
          "is_highlighted": true,
          "func_name": "<main>:12",
          "frame_id": 1,
          "unique_hash": "<main>:12_f1",
          "is_parent": false,
          "is_zombie": false,
          "parent_frame_id_list": [

          ],
          "ordered_varnames": [

          ],
          "encoded_locals": {
          }
        }
      ],
      "heap": {
      },
      "globals": {
        "greet": "#<Method: Class(Object)#greet>",
        "greet2": "#<Method: Class(Object)#greet2(greet)>"
      },
      "ordered_globals": [
        "greet",
        "greet2"
      ]
    },
    {
      "func_name": "<toplevel>",
      "line": 3,
      "event": "call",
      "stdout": "Hello!\nHello!\nHello!\n8\n",
      "stack_to_render": [
        {
          "is_highlighted": false,
          "func_name": "<main>:12",
          "frame_id": 1,
          "unique_hash": "<main>:12_f1",
          "is_parent": false,
          "is_zombie": false,
          "parent_frame_id_list": [

          ],
          "ordered_varnames": [

          ],
          "encoded_locals": {
          }
        },
        {
          "is_highlighted": true,
          "func_name": "greet:3",
          "frame_id": 2,
          "unique_hash": "greet:3_f2",
          "is_parent": false,
          "is_zombie": false,
          "parent_frame_id_list": [

          ],
          "ordered_varnames": [

          ],
          "encoded_locals": {
          }
        }
      ],
      "heap": {
      },
      "globals": {
        "greet": "#<Method: Class(Object)#greet>",
        "greet2": "#<Method: Class(Object)#greet2(greet)>"
      },
      "ordered_globals": [
        "greet",
        "greet2"
      ]
    },
    {
      "func_name": "<toplevel>",
      "line": 4,
      "event": "step_line",
      "stdout": "Hello!\nHello!\nHello!\n8\n",
      "stack_to_render": [
        {
          "is_highlighted": false,
          "func_name": "<main>:12",
          "frame_id": 1,
          "unique_hash": "<main>:12_f1",
          "is_parent": false,
          "is_zombie": false,
          "parent_frame_id_list": [

          ],
          "ordered_varnames": [

          ],
          "encoded_locals": {
          }
        },
        {
          "is_highlighted": true,
          "func_name": "greet:4",
          "frame_id": 2,
          "unique_hash": "greet:4_f2",
          "is_parent": false,
          "is_zombie": false,
          "parent_frame_id_list": [

          ],
          "ordered_varnames": [

          ],
          "encoded_locals": {
          }
        }
      ],
      "heap": {
      },
      "globals": {
        "greet": "#<Method: Class(Object)#greet>",
        "greet2": "#<Method: Class(Object)#greet2(greet)>"
      },
      "ordered_globals": [
        "greet",
        "greet2"
      ]
    },
    {
      "func_name": "<toplevel>",
      "line": 5,
      "event": "return",
      "stdout": "Hello!\nHello!\nHello!\n8\nHello!\n",
      "stack_to_render": [
        {
          "is_highlighted": false,
          "func_name": "<main>:12",
          "frame_id": 1,
          "unique_hash": "<main>:12_f1",
          "is_parent": false,
          "is_zombie": false,
          "parent_frame_id_list": [

          ],
          "ordered_varnames": [

          ],
          "encoded_locals": {
          }
        },
        {
          "is_highlighted": true,
          "func_name": "greet:5",
          "frame_id": 2,
          "unique_hash": "greet:5_f2",
          "is_parent": false,
          "is_zombie": false,
          "parent_frame_id_list": [

          ],
          "ordered_varnames": [
            "__return__"
          ],
          "encoded_locals": {
            "__return__": "nil"
          }
        }
      ],
      "heap": {
      },
      "globals": {
        "greet": "#<Method: Class(Object)#greet>",
        "greet2": "#<Method: Class(Object)#greet2(greet)>"
      },
      "ordered_globals": [
        "greet",
        "greet2"
      ]
    },
    {
      "func_name": "<toplevel>",
      "line": 12,
      "event": "step_line",
      "stdout": "Hello!\nHello!\nHello!\n8\nHello!\n8\n",
      "stack_to_render": [
        {
          "is_highlighted": true,
          "func_name": "<main>:13",
          "frame_id": 1,
          "unique_hash": "<main>:13_f1",
          "is_parent": false,
          "is_zombie": false,
          "parent_frame_id_list": [

          ],
          "ordered_varnames": [

          ],
          "encoded_locals": {
          }
        }
      ],
      "heap": {
      },
      "globals": {
        "greet": "#<Method: Class(Object)#greet>",
        "greet2": "#<Method: Class(Object)#greet2(greet)>"
      },
      "ordered_globals": [
        "greet",
        "greet2"
      ]
    }
  ]
}
